Archive member included to satisfy reference by file (symbol)

app/libapp.a(main.c.obj)      (--whole-archive)
zephyr/libzephyr.a(cbprintf_packaged.c.obj)
                              (--whole-archive)
zephyr/libzephyr.a(crc32c_sw.c.obj)
                              (--whole-archive)
zephyr/libzephyr.a(crc32_sw.c.obj)
                              (--whole-archive)
zephyr/libzephyr.a(crc16_sw.c.obj)
                              (--whole-archive)
zephyr/libzephyr.a(crc8_sw.c.obj)
                              (--whole-archive)
zephyr/libzephyr.a(crc7_sw.c.obj)
                              (--whole-archive)
zephyr/libzephyr.a(dec.c.obj)
                              (--whole-archive)
zephyr/libzephyr.a(fdtable.c.obj)
                              (--whole-archive)
zephyr/libzephyr.a(hex.c.obj)
                              (--whole-archive)
zephyr/libzephyr.a(notify.c.obj)
                              (--whole-archive)
zephyr/libzephyr.a(printk.c.obj)
                              (--whole-archive)
zephyr/libzephyr.a(onoff.c.obj)
                              (--whole-archive)
zephyr/libzephyr.a(rb.c.obj)  (--whole-archive)
zephyr/libzephyr.a(sem.c.obj)
                              (--whole-archive)
zephyr/libzephyr.a(thread_entry.c.obj)
                              (--whole-archive)
zephyr/libzephyr.a(timeutil.c.obj)
                              (--whole-archive)
zephyr/libzephyr.a(heap.c.obj)
                              (--whole-archive)
zephyr/libzephyr.a(heap-validate.c.obj)
                              (--whole-archive)
zephyr/libzephyr.a(bitarray.c.obj)
                              (--whole-archive)
zephyr/libzephyr.a(multi_heap.c.obj)
                              (--whole-archive)
zephyr/libzephyr.a(cbprintf_complete.c.obj)
                              (--whole-archive)
zephyr/libzephyr.a(cbprintf.c.obj)
                              (--whole-archive)
zephyr/libzephyr.a(assert.c.obj)
                              (--whole-archive)
zephyr/libzephyr.a(reboot.c.obj)
                              (--whole-archive)
zephyr/libzephyr.a(configs.c.obj)
                              (--whole-archive)
zephyr/libzephyr.a(soc.c.obj)
                              (--whole-archive)
zephyr/libzephyr.a(power.c.obj)
                              (--whole-archive)
zephyr/libzephyr.a(soc_nrf_common.S.obj)
                              (--whole-archive)
zephyr/libzephyr.a(validate_base_addresses.c.obj)
                              (--whole-archive)
zephyr/libzephyr.a(validate_enabled_instances.c.obj)
                              (--whole-archive)
zephyr/libzephyr.a(thread_info.c.obj)
                              (--whole-archive)
zephyr/libzephyr.a(pm.c.obj)  (--whole-archive)
zephyr/libzephyr.a(policy.c.obj)
                              (--whole-archive)
zephyr/libzephyr.a(state.c.obj)
                              (--whole-archive)
zephyr/libzephyr.a(tracing_none.c.obj)
                              (--whole-archive)
zephyr/libzephyr.a(nrf_cc3xx_platform_abort_zephyr.c.obj)
                              (--whole-archive)
zephyr/libzephyr.a(nrf_cc3xx_platform_mutex_zephyr.c.obj)
                              (--whole-archive)
zephyr/arch/common/libarch__common.a(sw_isr_common.c.obj)
                              (--whole-archive)
zephyr/arch/arch/arm/core/aarch32/libarch__arm__core__aarch32.a(cpu_idle.S.obj)
                              (--whole-archive)
zephyr/arch/arch/arm/core/aarch32/libarch__arm__core__aarch32.a(fatal.c.obj)
                              (--whole-archive)
zephyr/arch/arch/arm/core/aarch32/libarch__arm__core__aarch32.a(irq_manage.c.obj)
                              (--whole-archive)
zephyr/arch/arch/arm/core/aarch32/libarch__arm__core__aarch32.a(nmi.c.obj)
                              (--whole-archive)
zephyr/arch/arch/arm/core/aarch32/libarch__arm__core__aarch32.a(nmi_on_reset.S.obj)
                              (--whole-archive)
zephyr/arch/arch/arm/core/aarch32/libarch__arm__core__aarch32.a(prep_c.c.obj)
                              (--whole-archive)
zephyr/arch/arch/arm/core/aarch32/libarch__arm__core__aarch32.a(swap.c.obj)
                              (--whole-archive)
zephyr/arch/arch/arm/core/aarch32/libarch__arm__core__aarch32.a(swap_helper.S.obj)
                              (--whole-archive)
zephyr/arch/arch/arm/core/aarch32/libarch__arm__core__aarch32.a(thread.c.obj)
                              (--whole-archive)
zephyr/arch/arch/arm/core/aarch32/libarch__arm__core__aarch32.a(isr_wrapper.S.obj)
                              (--whole-archive)
zephyr/arch/arch/arm/core/aarch32/cortex_m/libarch__arm__core__aarch32__cortex_m.a(exc_exit.S.obj)
                              (--whole-archive)
zephyr/arch/arch/arm/core/aarch32/cortex_m/libarch__arm__core__aarch32__cortex_m.a(fault.c.obj)
                              (--whole-archive)
zephyr/arch/arch/arm/core/aarch32/cortex_m/libarch__arm__core__aarch32__cortex_m.a(fault_s.S.obj)
[...]
Memory Configuration

Name             Origin             Length             Attributes
FLASH            0x0000000000000000 0x0000000000100000 xr
SRAM             0x0000000020000000 0x0000000000070000 xw
IDT_LIST         0x00000000fffff7ff 0x0000000000000800 xw
*default*        0x0000000000000000 0xffffffffffffffff

Linker script and memory map

LOAD zephyr/CMakeFiles/zephyr_pre0.dir/misc/empty_file.c.obj
                0x0000000000000020                _region_min_align = 0x20

.rel.plt        0x0000000000000000        0x0
 *(SORT_BY_ALIGNMENT(.rel.plt))
                [!provide]                        PROVIDE (__rel_iplt_start = .)
 *(SORT_BY_ALIGNMENT(.rel.iplt))
 .rel.iplt      0x0000000000000000        0x0 app/libapp.a(main.c.obj)
                [!provide]                        PROVIDE (__rel_iplt_end = .)

.rela.plt       0x0000000000000000        0x0
 *(SORT_BY_ALIGNMENT(.rela.plt))
                [!provide]                        PROVIDE (__rela_iplt_start = .)
 *(SORT_BY_ALIGNMENT(.rela.iplt))
                [!provide]                        PROVIDE (__rela_iplt_end = .)

.rel.dyn
 *(SORT_BY_ALIGNMENT(.rel.*))

.rela.dyn
 *(SORT_BY_ALIGNMENT(.rela.*))

/DISCARD/
 *(SORT_BY_ALIGNMENT(.plt))
 *(SORT_BY_ALIGNMENT(.iplt))
 *(SORT_BY_ALIGNMENT(.got.plt))
 *(SORT_BY_ALIGNMENT(.igot.plt))
 *(SORT_BY_ALIGNMENT(.got))
 *(SORT_BY_ALIGNMENT(.igot))
 *(SORT_BY_ALIGNMENT(.note.GNU-stack))
                0x0000000000000000                __rom_region_start = 0x0

rom_start       0x0000000000000000      0x154
                0x0000000000000000                . = 0x0
                0x0000000000000000                . = ALIGN (0x4)
                0x0000000000000000                . = ALIGN (0x80)
                0x0000000000000000                . = ALIGN (0x200)
                0x0000000000000000                _vector_start = .
 *(SORT_BY_ALIGNMENT(.exc_vector_table))
 *(SORT_BY_ALIGNMENT(.exc_vector_table.*))
 .exc_vector_table._vector_table_section
                0x0000000000000000       0x40 zephyr/arch/arch/arm/core/aarch32/cortex_m/libarch__arm__core__aarch32__cortex_m.a(vector_table.S.obj)
                0x0000000000000000                _vector_table
 *(SORT_BY_ALIGNMENT(.vectors))
                0x0000000000000154                _vector_end = .
                0x0000000000000040                . = ALIGN (0x4)
 *(SORT_BY_ALIGNMENT(.gnu.linkonce.irq_vector_table*))
 .gnu.linkonce.irq_vector_table
                0x0000000000000040      0x114 zephyr/arch/common/libisr_tables.a(isr_tables.c.obj)
                0x0000000000000040                _irq_vector_table
                0x0000000000000154                _vector_end = .

text            0x0000000000000154     0x6250
                0x0000000000000154                __text_region_start = .
 *(SORT_BY_ALIGNMENT(.text))
 .text          0x0000000000000154       0x30 c:/ncs/toolchains/v2.1.0/opt/zephyr-sdk/arm-zephyr-eabi/bin/../lib/gcc/arm-zephyr-eabi/10.3.0/thumb/v8-m.main/nofp\libgcc.a(_aeabi_uldivmod.o)
                0x0000000000000154                __aeabi_uldivmod
 .text          0x0000000000000184        0x4 c:/ncs/toolchains/v2.1.0/opt/zephyr-sdk/arm-zephyr-eabi/bin/../lib/gcc/arm-zephyr-eabi/10.3.0/thumb/v8-m.main/nofp\libgcc.a(_dvmd_tls.o)
                0x0000000000000184                __aeabi_idiv0
                0x0000000000000184                __aeabi_ldiv0
 .text          0x0000000000000188      0x2a2 c:/ncs/toolchains/v2.1.0/opt/zephyr-sdk/arm-zephyr-eabi/bin/../lib/gcc/arm-zephyr-eabi/10.3.0/thumb/v8-m.main/nofp\libgcc.a(_udivmoddi4.o)
                0x0000000000000188                __udivmoddi4
 *(SORT_BY_ALIGNMENT(.text.*))
 *fill*         0x000000000000042a        0x2 
 .text.main     0x000000000000042c       0x4c app/libapp.a(main.c.obj)
                0x000000000000042c                main
 .text.char_out
                0x0000000000000478       0x10 zephyr/libzephyr.a(printk.c.obj)
 .text.__printk_hook_install
                0x0000000000000488        0xc zephyr/libzephyr.a(printk.c.obj)
                0x0000000000000488                __printk_hook_install
 .text.vprintk  0x0000000000000494       0x1c zephyr/libzephyr.a(printk.c.obj)
                0x0000000000000494                vprintk
 .text.process_event
                0x00000000000004b0      0x158 zephyr/libzephyr.a(onoff.c.obj)
 .text.extract_conversion
                0x0000000000000608      0x314 zephyr/libzephyr.a(cbprintf_complete.c.obj)
 .text.z_cbvprintf_impl
                0x000000000000091c      0x5d0 zephyr/libzephyr.a(cbprintf_complete.c.obj)
                0x000000000000091c                z_cbvprintf_impl
 .text.sys_reboot
                0x0000000000000eec       0x28 zephyr/libzephyr.a(reboot.c.obj)
                0x0000000000000eec                sys_reboot
 .text.nordicsemi_nrf53_init
                0x0000000000000f14       0x60 zephyr/libzephyr.a(soc.c.obj)
 .text.arch_busy_wait
                0x0000000000000f74       0x30 zephyr/libzephyr.a(soc.c.obj)
                0x0000000000000f74                arch_busy_wait
 .text.pm_state_set
                0x0000000000000fa4       0x1c zephyr/libzephyr.a(power.c.obj)
                0x0000000000000fa4                pm_state_set
 .text.z_arm_platform_init
                0x0000000000000fc0        0x4 zephyr/libzephyr.a(soc_nrf_common.S.obj)
                0x0000000000000fc0                z_arm_platform_init
 .text.pm_system_resume
                0x0000000000000fc4       0xb8 zephyr/libzephyr.a(pm.c.obj)
                0x0000000000000fc4                pm_system_resume
 .text.pm_system_suspend
                0x000000000000107c      0x154 zephyr/libzephyr.a(pm.c.obj)
                0x000000000000107c                pm_system_suspend
 .text.pm_policy_next_state
                0x00000000000011d0       0x98 zephyr/libzephyr.a(policy.c.obj)
                0x00000000000011d0                pm_policy_next_state
 .text.pm_state_cpu_get_all
                0x0000000000001268       0x10 zephyr/libzephyr.a(state.c.obj)
                0x0000000000001268                pm_state_cpu_get_all
 .text.nrf_cc3xx_platform_abort_init
                0x0000000000001278       0x10 zephyr/libzephyr.a(nrf_cc3xx_platform_abort_zephyr.c.obj)
                0x0000000000001278                nrf_cc3xx_platform_abort_init
 .text.mutex_unlock_platform
                0x0000000000001288       0x60 zephyr/libzephyr.a(nrf_cc3xx_platform_mutex_zephyr.c.obj)
 .text.mutex_lock_platform
                0x00000000000012e8       0x74 zephyr/libzephyr.a(nrf_cc3xx_platform_mutex_zephyr.c.obj)
 .text.mutex_free_platform
                0x000000000000135c       0x4c zephyr/libzephyr.a(nrf_cc3xx_platform_mutex_zephyr.c.obj)
 .text.mutex_init_platform
                0x00000000000013a8       0x74 zephyr/libzephyr.a(nrf_cc3xx_platform_mutex_zephyr.c.obj)
 .text.nrf_cc3xx_platform_mutex_init
                0x000000000000141c       0x28 zephyr/libzephyr.a(nrf_cc3xx_platform_mutex_zephyr.c.obj)
                0x000000000000141c                nrf_cc3xx_platform_mutex_init
 .text.z_arm_cpu_idle_init
                0x0000000000001444        0xc zephyr/arch/arch/arm/core/aarch32/libarch__arm__core__aarch32.a(cpu_idle.S.obj)
                0x0000000000001444                z_arm_cpu_idle_init
 .text.arch_cpu_idle
                0x0000000000001450       0x1c zephyr/arch/arch/arm/core/aarch32/libarch__arm__core__aarch32.a(cpu_idle.S.obj)
                0x0000000000001450                arch_cpu_idle
 .text.arch_cpu_atomic_idle
                0x000000000000146c       0x14 zephyr/arch/arch/arm/core/aarch32/libarch__arm__core__aarch32.a(cpu_idle.S.obj)
                0x000000000000146c                arch_cpu_atomic_idle
 .text.arch_irq_enable
                0x0000000000001480       0x1c zephyr/arch/arch/arm/core/aarch32/libarch__arm__core__aarch32.a(irq_manage.c.obj)
                0x0000000000001480                arch_irq_enable
 .text.arch_irq_is_enabled
                0x000000000000149c       0x1c zephyr/arch/arch/arm/core/aarch32/libarch__arm__core__aarch32.a(irq_manage.c.obj)
                0x000000000000149c                arch_irq_is_enabled
 .text.z_arm_irq_priority_set
                0x00000000000014b8       0x2c zephyr/arch/arch/arm/core/aarch32/libarch__arm__core__aarch32.a(irq_manage.c.obj)
                0x00000000000014b8                z_arm_irq_priority_set
 .text.z_SysNmiOnReset
                0x00000000000014e4        0x8 zephyr/arch/arch/arm/core/aarch32/libarch__arm__core__aarch32.a(nmi_on_reset.S.obj)
                0x00000000000014e4                z_SysNmiOnReset
 .text.z_arm_prep_c
                0x00000000000014ec       0x38 zephyr/arch/arch/arm/core/aarch32/libarch__arm__core__aarch32.a(prep_c.c.obj)
                0x00000000000014ec                z_arm_prep_c
 .text.arch_swap
                0x0000000000001524       0x38 zephyr/arch/arch/arm/core/aarch32/libarch__arm__core__aarch32.a(swap.c.obj)
                0x0000000000001524                arch_swap
 .text.z_arm_pendsv
                0x000000000000155c       0x5c zephyr/arch/arch/arm/core/aarch32/libarch__arm__core__aarch32.a(swap_helper.S.obj)
                0x000000000000155c                z_arm_pendsv
 .text.z_arm_svc
                0x00000000000015b8       0x20 zephyr/arch/arch/arm/core/aarch32/libarch__arm__core__aarch32.a(swap_helper.S.obj)
                0x00000000000015b8                z_arm_svc
 .text.arch_new_thread
                0x00000000000015d8       0x44 zephyr/arch/arch/arm/core/aarch32/libarch__arm__core__aarch32.a(thread.c.obj)
                0x00000000000015d8                arch_new_thread
 .text.arch_switch_to_main_thread
                0x000000000000161c       0x2c zephyr/arch/arch/arm/core/aarch32/libarch__arm__core__aarch32.a(thread.c.obj)
                0x000000000000161c                arch_switch_to_main_thread
 .text._isr_wrapper
                0x0000000000001648       0x40 zephyr/arch/arch/arm/core/aarch32/libarch__arm__core__aarch32.a(isr_wrapper.S.obj)
                0x0000000000001648                _isr_wrapper
 .text._HandlerModeExit
                0x0000000000001688       0x1c zephyr/arch/arch/arm/core/aarch32/cortex_m/libarch__arm__core__aarch32__cortex_m.a(exc_exit.S.obj)
                0x0000000000001688                z_arm_int_exit
                0x0000000000001688                z_arm_exc_exit
 .text.mem_manage_fault
                0x00000000000016a4       0x6c zephyr/arch/arch/arm/core/aarch32/cortex_m/libarch__arm__core__aarch32__cortex_m.a(fault.c.obj)
 .text.bus_fault
                0x0000000000001710       0x54 zephyr/arch/arch/arm/core/aarch32/cortex_m/libarch__arm__core__aarch32__cortex_m.a(fault.c.obj)
 .text.usage_fault
                0x0000000000001764       0x30 zephyr/arch/arch/arm/core/aarch32/cortex_m/libarch__arm__core__aarch32__cortex_m.a(fault.c.obj)
 .text.hard_fault
                0x0000000000001794       0x80 zephyr/arch/arch/arm/core/aarch32/cortex_m/libarch__arm__core__aarch32__cortex_m.a(fault.c.obj)
 .text.z_arm_fault
                0x0000000000001814       0x94 zephyr/arch/arch/arm/core/aarch32/cortex_m/libarch__arm__core__aarch32__cortex_m.a(fault.c.obj)
                0x0000000000001814                z_arm_fault
 .text.z_arm_fault_init
                0x00000000000018a8       0x18 zephyr/arch/arch/arm/core/aarch32/cortex_m/libarch__arm__core__aarch32__cortex_m.a(fault.c.obj)
                0x00000000000018a8                z_arm_fault_init
 .text.__fault  0x00000000000018c0       0x14 zephyr/arch/arch/arm/core/aarch32/cortex_m/libarch__arm__core__aarch32__cortex_m.a(fault_s.S.obj)
                0x00000000000018c0                z_arm_usage_fault
                0x00000000000018c0                z_arm_mpu_fault
                0x00000000000018c0                z_arm_exc_spurious
                0x00000000000018c0                z_arm_debug_monitor
                0x00000000000018c0                z_arm_hard_fault
                0x00000000000018c0                z_arm_bus_fault
 .text.z_arm_interrupt_init
                0x00000000000018d4       0x34 zephyr/arch/arch/arm/core/aarch32/cortex_m/libarch__arm__core__aarch32__cortex_m.a(irq_init.c.obj)
                0x00000000000018d4                z_arm_interrupt_init
 .text._reset_section
                0x0000000000001908       0x68 zephyr/arch/arch/arm/core/aarch32/cortex_m/libarch__arm__core__aarch32__cortex_m.a(reset.S.obj)
                0x0000000000001908                __start
                0x0000000000001908                z_arm_reset
 .text.sys_arch_reboot
                0x0000000000001970       0x24 zephyr/arch/arch/arm/core/aarch32/cortex_m/libarch__arm__core__aarch32__cortex_m.a(scb.c.obj)
                0x0000000000001970                sys_arch_reboot
 .text.z_arm_clear_arm_mpu_config
                0x0000000000001994       0x28 zephyr/arch/arch/arm/core/aarch32/cortex_m/libarch__arm__core__aarch32__cortex_m.a(scb.c.obj)
                0x0000000000001994                z_arm_clear_arm_mpu_config
 .text.z_arm_init_arch_hw_at_boot
                0x00000000000019bc       0x54 zephyr/arch/arch/arm/core/aarch32/cortex_m/libarch__arm__core__aarch32__cortex_m.a(scb.c.obj)
                0x00000000000019bc                z_arm_init_arch_hw_at_boot
 .text.z_impl_k_thread_abort
                0x0000000000001a10       0x34 zephyr/arch/arch/arm/core/aarch32/cortex_m/libarch__arm__core__aarch32__cortex_m.a(thread_abort.c.obj)
                0x0000000000001a10                z_impl_k_thread_abort
 .text.z_arm_configure_static_mpu_regions
                0x0000000000001a44       0x40 zephyr/arch/arch/arm/core/aarch32/mpu/libarch__arm__core__aarch32__mpu.a(arm_core_mpu.c.obj)
                0x0000000000001a44                z_arm_configure_static_mpu_regions
 .text.mpu_init
                0x0000000000001a84       0x14 zephyr/arch/arch/arm/core/aarch32/mpu/libarch__arm__core__aarch32__mpu.a(arm_mpu.c.obj)
 .text.mpu_set_region
                0x0000000000001a98       0x14 zephyr/arch/arch/arm/core/aarch32/mpu/libarch__arm__core__aarch32__mpu.a(arm_mpu.c.obj)
 .text.mpu_configure_regions_and_partition
                0x0000000000001aac      0x1a8 zephyr/arch/arch/arm/core/aarch32/mpu/libarch__arm__core__aarch32__mpu.a(arm_mpu.c.obj)
 .text.mpu_configure_static_mpu_regions
                0x0000000000001c54       0x14 zephyr/arch/arch/arm/core/aarch32/mpu/libarch__arm__core__aarch32__mpu.a(arm_mpu.c.obj)
 .text.mpu_mark_areas_for_dynamic_regions
                0x0000000000001c68       0xbc zephyr/arch/arch/arm/core/aarch32/mpu/libarch__arm__core__aarch32__mpu.a(arm_mpu.c.obj)
 .text.arm_core_mpu_enable
                0x0000000000001d24       0x18 zephyr/arch/arch/arm/core/aarch32/mpu/libarch__arm__core__aarch32__mpu.a(arm_mpu.c.obj)
                0x0000000000001d24                arm_core_mpu_enable
 .text.arm_core_mpu_disable
                0x0000000000001d3c       0x14 zephyr/arch/arch/arm/core/aarch32/mpu/libarch__arm__core__aarch32__mpu.a(arm_mpu.c.obj)
                0x0000000000001d3c                arm_core_mpu_disable
 .text.z_arm_mpu_init
                0x0000000000001d50       0x44 zephyr/arch/arch/arm/core/aarch32/mpu/libarch__arm__core__aarch32__mpu.a(arm_mpu.c.obj)
                0x0000000000001d50                z_arm_mpu_init
 .text.__stdout_hook_install
                0x0000000000001d94        0xc zephyr/lib/libc/minimal/liblib__libc__minimal.a(stdout_console.c.obj)
                0x0000000000001d94                __stdout_hook_install
 .text.get_hf_flags
                0x0000000000001da0        0x8 zephyr/drivers/clock_control/libdrivers__clock_control.a(clock_control_nrf.c.obj)
 .text.get_subsys
                0x0000000000001da8       0x18 zephyr/drivers/clock_control/libdrivers__clock_control.a(clock_control_nrf.c.obj)
 .text.onoff_stop
                0x0000000000001dc0       0x20 zephyr/drivers/clock_control/libdrivers__clock_control.a(clock_control_nrf.c.obj)
 .text.onoff_start
                0x0000000000001de0       0x34 zephyr/drivers/clock_control/libdrivers__clock_control.a(clock_control_nrf.c.obj)
 .text.clock_event_handler
                0x0000000000001e14       0x4c zephyr/drivers/clock_control/libdrivers__clock_control.a(clock_control_nrf.c.obj)
 .text.generic_hfclk_start
                0x0000000000001e60       0x68 zephyr/drivers/clock_control/libdrivers__clock_control.a(clock_control_nrf.c.obj)
 .text.generic_hfclk_stop
                0x0000000000001ec8       0x28 zephyr/drivers/clock_control/libdrivers__clock_control.a(clock_control_nrf.c.obj)
 .text.api_blocking_start
                0x0000000000001ef0       0x38 zephyr/drivers/clock_control/libdrivers__clock_control.a(clock_control_nrf.c.obj)
 .text.clk_init
                0x0000000000001f28       0x60 zephyr/drivers/clock_control/libdrivers__clock_control.a(clock_control_nrf.c.obj)
 .text.lfclk_spinwait
                0x0000000000001f88       0x98 zephyr/drivers/clock_control/libdrivers__clock_control.a(clock_control_nrf.c.obj)
 .text.z_nrf_clock_control_lf_on
                0x0000000000002020       0x4c zephyr/drivers/clock_control/libdrivers__clock_control.a(clock_control_nrf.c.obj)
                0x0000000000002020                z_nrf_clock_control_lf_on
 .text.console_out
                0x000000000000206c       0x2c zephyr/drivers/console/libdrivers__console.a(uart_console.c.obj)
 .text.uart_console_hook_install
                0x0000000000002098       0x18 zephyr/drivers/console/libdrivers__console.a(uart_console.c.obj)
 .text.uart_console_init
                0x00000000000020b0       0x24 zephyr/drivers/console/libdrivers__console.a(uart_console.c.obj)
 .text.get_dev  0x00000000000020d4       0x1c zephyr/drivers/gpio/libdrivers__gpio.a(gpio_nrfx.c.obj)
 .text.gpio_nrfx_pin_interrupt_configure
                0x00000000000020f0       0xc8 zephyr/drivers/gpio/libdrivers__gpio.a(gpio_nrfx.c.obj)
 .text.gpio_nrfx_pin_configure
                0x00000000000021b8      0x110 zephyr/drivers/gpio/libdrivers__gpio.a(gpio_nrfx.c.obj)
 .text.gpio_nrfx_init
                0x00000000000022c8       0x3c zephyr/drivers/gpio/libdrivers__gpio.a(gpio_nrfx.c.obj)
 .text.baudrate_set
                0x0000000000002304      0x150 zephyr/drivers/serial/libdrivers__serial.a(uart_nrfx_uarte.c.obj)
 .text.uarte_nrfx_poll_out
                0x0000000000002454       0x74 zephyr/drivers/serial/libdrivers__serial.a(uart_nrfx_uarte.c.obj)
 .text.endtx_stoptx_ppi_init
                0x00000000000024c8       0x40 zephyr/drivers/serial/libdrivers__serial.a(uart_nrfx_uarte.c.obj)
 .text.set_comparator
                0x0000000000002508       0x14 zephyr/drivers/timer/libdrivers__timer.a(nrf_rtc_timer.c.obj)
 .text.get_comparator
                0x000000000000251c       0x10 zephyr/drivers/timer/libdrivers__timer.a(nrf_rtc_timer.c.obj)
 .text.event_enable
                0x000000000000252c       0x14 zephyr/drivers/timer/libdrivers__timer.a(nrf_rtc_timer.c.obj)
 .text.event_disable
                0x0000000000002540       0x14 zephyr/drivers/timer/libdrivers__timer.a(nrf_rtc_timer.c.obj)
 .text.counter  0x0000000000002554        0xc zephyr/drivers/timer/libdrivers__timer.a(nrf_rtc_timer.c.obj)
 .text.compare_int_lock
                0x0000000000002560       0x44 zephyr/drivers/timer/libdrivers__timer.a(nrf_rtc_timer.c.obj)
 .text.channel_processing_check_and_clear
                0x00000000000025a4       0x70 zephyr/drivers/timer/libdrivers__timer.a(nrf_rtc_timer.c.obj)
 .text.compare_int_unlock
                0x0000000000002614       0x54 zephyr/drivers/timer/libdrivers__timer.a(nrf_rtc_timer.c.obj)
 .text.sys_clock_timeout_handler
                0x0000000000002668       0x78 zephyr/drivers/timer/libdrivers__timer.a(nrf_rtc_timer.c.obj)
 .text.z_nrf_rtc_timer_read
                0x00000000000026e0       0x40 zephyr/drivers/timer/libdrivers__timer.a(nrf_rtc_timer.c.obj)
                0x00000000000026e0                z_nrf_rtc_timer_read
 .text.compare_set_nolocks
                0x0000000000002720       0x98 zephyr/drivers/timer/libdrivers__timer.a(nrf_rtc_timer.c.obj)
 .text.sys_clock_driver_init
                0x00000000000027b8       0x94 zephyr/drivers/timer/libdrivers__timer.a(nrf_rtc_timer.c.obj)
 .text.process_channel
                0x000000000000284c       0x74 zephyr/drivers/timer/libdrivers__timer.a(nrf_rtc_timer.c.obj)
 .text.rtc_nrf_isr
                0x00000000000028c0       0x44 zephyr/drivers/timer/libdrivers__timer.a(nrf_rtc_timer.c.obj)
                0x00000000000028c0                rtc_nrf_isr
 .text.sys_clock_set_timeout
                0x0000000000002904       0x64 zephyr/drivers/timer/libdrivers__timer.a(nrf_rtc_timer.c.obj)
                0x0000000000002904                sys_clock_set_timeout
 .text.sys_clock_elapsed
                0x0000000000002968       0x14 zephyr/drivers/timer/libdrivers__timer.a(nrf_rtc_timer.c.obj)
                0x0000000000002968                sys_clock_elapsed
 .text.nrf_pin_configure
                0x000000000000297c       0x48 zephyr/drivers/pinctrl/libdrivers__pinctrl.a(pinctrl_nrf.c.obj)
 .text.pinctrl_configure_pins
                0x00000000000029c4       0xd8 zephyr/drivers/pinctrl/libdrivers__pinctrl.a(pinctrl_nrf.c.obj)
                0x00000000000029c4                pinctrl_configure_pins
 .text.SystemCoreClockUpdate
                0x0000000000002a9c       0x20 modules/hal_nordic/nrfx/libmodules__hal_nordic__nrfx.a(system_nrf5340_application.c.obj)
                0x0000000000002a9c                SystemCoreClockUpdate
 .text.SystemInit
                0x0000000000002abc      0x160 modules/hal_nordic/nrfx/libmodules__hal_nordic__nrfx.a(system_nrf5340_application.c.obj)
                0x0000000000002abc                SystemInit
 .text.nrfx_flag32_alloc
                0x0000000000002c1c       0x48 modules/hal_nordic/nrfx/libmodules__hal_nordic__nrfx.a(nrfx_flag32_allocator.c.obj)
                0x0000000000002c1c                nrfx_flag32_alloc
 .text.nrfx_flag32_free
                0x0000000000002c64       0x3c modules/hal_nordic/nrfx/libmodules__hal_nordic__nrfx.a(nrfx_flag32_allocator.c.obj)
                0x0000000000002c64                nrfx_flag32_free
 .text.clock_stop
                0x0000000000002ca0      0x14c modules/hal_nordic/nrfx/libmodules__hal_nordic__nrfx.a(nrfx_clock.c.obj)
 .text.nrfx_clock_init
                0x0000000000002dec       0x24 modules/hal_nordic/nrfx/libmodules__hal_nordic__nrfx.a(nrfx_clock.c.obj)
                0x0000000000002dec                nrfx_clock_init
 .text.nrfx_power_clock_irq_handler
                0x0000000000002e10       0xa4 modules/hal_nordic/nrfx/libmodules__hal_nordic__nrfx.a(nrfx_clock.c.obj)
                0x0000000000002e10                nrfx_power_clock_irq_handler
 .text.nrfx_dppi_channel_alloc
                0x0000000000002eb4       0x10 modules/hal_nordic/nrfx/libmodules__hal_nordic__nrfx.a(nrfx_dppi.c.obj)
                0x0000000000002eb4                nrfx_dppi_channel_alloc
 .text.pin_in_use
                0x0000000000002ec4       0x14 modules/hal_nordic/nrfx/libmodules__hal_nordic__nrfx.a(nrfx_gpiote.c.obj)
 .text.pin_in_use_by_te
                0x0000000000002ed8       0x14 modules/hal_nordic/nrfx/libmodules__hal_nordic__nrfx.a(nrfx_gpiote.c.obj)
 .text.pin_has_trigger
                0x0000000000002eec       0x18 modules/hal_nordic/nrfx/libmodules__hal_nordic__nrfx.a(nrfx_gpiote.c.obj)
 .text.pin_is_output
                0x0000000000002f04       0x14 modules/hal_nordic/nrfx/libmodules__hal_nordic__nrfx.a(nrfx_gpiote.c.obj)
 .text.pin_te_get
                0x0000000000002f18       0x10 modules/hal_nordic/nrfx/libmodules__hal_nordic__nrfx.a(nrfx_gpiote.c.obj)
 .text.handler_in_use
                0x0000000000002f28       0x34 modules/hal_nordic/nrfx/libmodules__hal_nordic__nrfx.a(nrfx_gpiote.c.obj)
 .text.find_handler
                0x0000000000002f5c       0x2c modules/hal_nordic/nrfx/libmodules__hal_nordic__nrfx.a(nrfx_gpiote.c.obj)
 .text.channel_handler_get
                0x0000000000002f88       0x20 modules/hal_nordic/nrfx/libmodules__hal_nordic__nrfx.a(nrfx_gpiote.c.obj)
 .text.call_handler
                0x0000000000002fa8       0x2c modules/hal_nordic/nrfx/libmodules__hal_nordic__nrfx.a(nrfx_gpiote.c.obj)
 .text.release_handler
                0x0000000000002fd4       0x44 modules/hal_nordic/nrfx/libmodules__hal_nordic__nrfx.a(nrfx_gpiote.c.obj)
 .text.pin_handler_trigger_uninit
                0x0000000000003018       0x3c modules/hal_nordic/nrfx/libmodules__hal_nordic__nrfx.a(nrfx_gpiote.c.obj)
 .text.pin_handler_set
                0x0000000000003054       0x6c modules/hal_nordic/nrfx/libmodules__hal_nordic__nrfx.a(nrfx_gpiote.c.obj)
 .text.gpiote_evt_handle
                0x00000000000030c0       0x44 modules/hal_nordic/nrfx/libmodules__hal_nordic__nrfx.a(nrfx_gpiote.c.obj)
 .text.latch_pending_read_and_check
                0x0000000000003104       0x4c modules/hal_nordic/nrfx/libmodules__hal_nordic__nrfx.a(nrfx_gpiote.c.obj)
 .text.next_sense_cond_call_handler
                0x0000000000003150       0xd0 modules/hal_nordic/nrfx/libmodules__hal_nordic__nrfx.a(nrfx_gpiote.c.obj)
 .text.port_event_handle
                0x0000000000003220       0xd0 modules/hal_nordic/nrfx/libmodules__hal_nordic__nrfx.a(nrfx_gpiote.c.obj)
 .text.nrfx_gpiote_input_configure
                0x00000000000032f0      0x174 modules/hal_nordic/nrfx/libmodules__hal_nordic__nrfx.a(nrfx_gpiote.c.obj)
                0x00000000000032f0                nrfx_gpiote_input_configure
 .text.nrfx_gpiote_output_configure
                0x0000000000003464      0x18c modules/hal_nordic/nrfx/libmodules__hal_nordic__nrfx.a(nrfx_gpiote.c.obj)
                0x0000000000003464                nrfx_gpiote_output_configure
 .text.nrfx_gpiote_global_callback_set
                0x00000000000035f0        0xc modules/hal_nordic/nrfx/libmodules__hal_nordic__nrfx.a(nrfx_gpiote.c.obj)
                0x00000000000035f0                nrfx_gpiote_global_callback_set
 .text.nrfx_gpiote_channel_get
                0x00000000000035fc       0x30 modules/hal_nordic/nrfx/libmodules__hal_nordic__nrfx.a(nrfx_gpiote.c.obj)
                0x00000000000035fc                nrfx_gpiote_channel_get
 .text.nrfx_gpiote_init
                0x000000000000362c       0x54 modules/hal_nordic/nrfx/libmodules__hal_nordic__nrfx.a(nrfx_gpiote.c.obj)
                0x000000000000362c                nrfx_gpiote_init
 .text.nrfx_gpiote_is_init
                0x0000000000003680       0x14 modules/hal_nordic/nrfx/libmodules__hal_nordic__nrfx.a(nrfx_gpiote.c.obj)
                0x0000000000003680                nrfx_gpiote_is_init
 .text.nrfx_gpiote_channel_free
                0x0000000000003694       0x10 modules/hal_nordic/nrfx/libmodules__hal_nordic__nrfx.a(nrfx_gpiote.c.obj)
                0x0000000000003694                nrfx_gpiote_channel_free
 .text.nrfx_gpiote_channel_alloc
                0x00000000000036a4       0x10 modules/hal_nordic/nrfx/libmodules__hal_nordic__nrfx.a(nrfx_gpiote.c.obj)
                0x00000000000036a4                nrfx_gpiote_channel_alloc
 .text.nrfx_gpiote_trigger_enable
                0x00000000000036b4       0xc4 modules/hal_nordic/nrfx/libmodules__hal_nordic__nrfx.a(nrfx_gpiote.c.obj)
                0x00000000000036b4                nrfx_gpiote_trigger_enable
 .text.nrfx_gpiote_trigger_disable
                0x0000000000003778       0x60 modules/hal_nordic/nrfx/libmodules__hal_nordic__nrfx.a(nrfx_gpiote.c.obj)
                0x0000000000003778                nrfx_gpiote_trigger_disable
 .text.nrfx_gpiote_pin_uninit
                0x00000000000037d8       0x50 modules/hal_nordic/nrfx/libmodules__hal_nordic__nrfx.a(nrfx_gpiote.c.obj)
                0x00000000000037d8                nrfx_gpiote_pin_uninit
 .text.nrfx_gpiote_irq_handler
                0x0000000000003828       0x60 modules/hal_nordic/nrfx/libmodules__hal_nordic__nrfx.a(nrfx_gpiote.c.obj)
                0x0000000000003828                nrfx_gpiote_irq_handler
 .text.z_device_state_init
                0x0000000000003888       0x18 zephyr/kernel/libkernel.a(device.c.obj)
                0x0000000000003888                z_device_state_init
 .text.z_sys_init_run_level
                0x00000000000038a0       0x50 zephyr/kernel/libkernel.a(device.c.obj)
                0x00000000000038a0                z_sys_init_run_level
 .text.init_idle_thread
                0x00000000000038f0       0x60 zephyr/kernel/libkernel.a(init.c.obj)
 .text.bg_thread_main
                0x0000000000003950       0x34 zephyr/kernel/libkernel.a(init.c.obj)
 .text.switch_to_main_thread
                0x0000000000003984       0x14 zephyr/kernel/libkernel.a(init.c.obj)
 .text.z_bss_zero
                0x0000000000003998       0x18 zephyr/kernel/libkernel.a(init.c.obj)
                0x0000000000003998                z_bss_zero
 .text.z_init_cpu
                0x00000000000039b0       0x40 zephyr/kernel/libkernel.a(init.c.obj)
                0x00000000000039b0                z_init_cpu
 .text.prepare_multithreading
                0x00000000000039f0       0x60 zephyr/kernel/libkernel.a(init.c.obj)
 .text.z_cstart
                0x0000000000003a50       0x88 zephyr/kernel/libkernel.a(init.c.obj)
                0x0000000000003a50                z_cstart
 .text.init_mem_slab_module
                0x0000000000003ad8       0x24 zephyr/kernel/libkernel.a(mem_slab.c.obj)
 .text.k_mem_slab_alloc
                0x0000000000003afc       0x68 zephyr/kernel/libkernel.a(mem_slab.c.obj)
                0x0000000000003afc                k_mem_slab_alloc
 .text.z_thread_monitor_exit
                0x0000000000003b64       0x40 zephyr/kernel/libkernel.a(thread.c.obj)
                0x0000000000003b64                z_thread_monitor_exit
 .text.schedule_new_thread
                0x0000000000003ba4       0x1c zephyr/kernel/libkernel.a(thread.c.obj)
 .text.z_setup_new_thread
                0x0000000000003bc0       0xc8 zephyr/kernel/libkernel.a(thread.c.obj)
                0x0000000000003bc0                z_setup_new_thread
 .text.z_init_static_threads
                0x0000000000003c88       0x94 zephyr/kernel/libkernel.a(thread.c.obj)
                0x0000000000003c88                z_init_static_threads
 .text.idle     0x0000000000003d1c       0x3c zephyr/kernel/libkernel.a(idle.c.obj)
                0x0000000000003d1c                idle
 .text.z_impl_k_mutex_lock
                0x0000000000003d58      0x114 zephyr/kernel/libkernel.a(mutex.c.obj)
                0x0000000000003d58                z_impl_k_mutex_lock
 .text.z_impl_k_mutex_unlock
                0x0000000000003e6c       0x7c zephyr/kernel/libkernel.a(mutex.c.obj)
                0x0000000000003e6c                z_impl_k_mutex_unlock
 .text.z_impl_k_sem_give
                0x0000000000003ee8       0x48 zephyr/kernel/libkernel.a(sem.c.obj)
                0x0000000000003ee8                z_impl_k_sem_give
 .text.z_impl_k_sem_take
                0x0000000000003f30       0x50 zephyr/kernel/libkernel.a(sem.c.obj)
                0x0000000000003f30                z_impl_k_sem_take
 .text.add_thread_timeout
                0x0000000000003f80       0x20 zephyr/kernel/libkernel.a(sched.c.obj)
 .text.z_reset_time_slice
                0x0000000000003fa0       0x28 zephyr/kernel/libkernel.a(sched.c.obj)
                0x0000000000003fa0                z_reset_time_slice
 .text.k_sched_time_slice_set
                0x0000000000003fc8       0x74 zephyr/kernel/libkernel.a(sched.c.obj)
                0x0000000000003fc8                k_sched_time_slice_set
 .text.z_reschedule
                0x000000000000403c       0x38 zephyr/kernel/libkernel.a(sched.c.obj)
                0x000000000000403c                z_reschedule
 .text.k_sched_lock
                0x0000000000004074       0x34 zephyr/kernel/libkernel.a(sched.c.obj)
                0x0000000000004074                k_sched_lock
 .text.update_cache
                0x00000000000040a8       0x50 zephyr/kernel/libkernel.a(sched.c.obj)
 .text.move_thread_to_end_of_prio_q
                0x00000000000040f8       0x88 zephyr/kernel/libkernel.a(sched.c.obj)
 .text.slice_expired_locked
                0x0000000000004180       0x28 zephyr/kernel/libkernel.a(sched.c.obj)
 .text.z_time_slice
                0x00000000000041a8       0xb0 zephyr/kernel/libkernel.a(sched.c.obj)
                0x00000000000041a8                z_time_slice
 .text.ready_thread
                0x0000000000004258       0x80 zephyr/kernel/libkernel.a(sched.c.obj)
 .text.z_sched_start
                0x00000000000042d8       0x3c zephyr/kernel/libkernel.a(sched.c.obj)
                0x00000000000042d8                z_sched_start
 .text.unready_thread
                0x0000000000004314       0x38 zephyr/kernel/libkernel.a(sched.c.obj)
 .text.z_pend_curr
                0x000000000000434c       0x28 zephyr/kernel/libkernel.a(sched.c.obj)
                0x000000000000434c                z_pend_curr
 .text.z_set_prio
                0x0000000000004374       0xc0 zephyr/kernel/libkernel.a(sched.c.obj)
                0x0000000000004374                z_set_prio
 .text.z_impl_k_thread_suspend
                0x0000000000004434       0x84 zephyr/kernel/libkernel.a(sched.c.obj)
                0x0000000000004434                z_impl_k_thread_suspend
 .text.k_sched_unlock
                0x00000000000044b8       0x50 zephyr/kernel/libkernel.a(sched.c.obj)
                0x00000000000044b8                k_sched_unlock
 .text.end_thread
                0x0000000000004508       0x9c zephyr/kernel/libkernel.a(sched.c.obj)
 .text.z_sched_init
                0x00000000000045a4       0x18 zephyr/kernel/libkernel.a(sched.c.obj)
                0x00000000000045a4                z_sched_init
 .text.z_impl_k_yield
                0x00000000000045bc       0x88 zephyr/kernel/libkernel.a(sched.c.obj)
                0x00000000000045bc                z_impl_k_yield
 .text.z_tick_sleep
                0x0000000000004644       0x98 zephyr/kernel/libkernel.a(sched.c.obj)
 .text.z_impl_k_sleep
                0x00000000000046dc       0x58 zephyr/kernel/libkernel.a(sched.c.obj)
                0x00000000000046dc                z_impl_k_sleep
 .text.z_impl_z_current_get
                0x0000000000004734        0xc zephyr/kernel/libkernel.a(sched.c.obj)
                0x0000000000004734                z_impl_z_current_get
 .text.z_thread_abort
                0x0000000000004740       0x70 zephyr/kernel/libkernel.a(sched.c.obj)
                0x0000000000004740                z_thread_abort
 .text.z_data_copy
                0x00000000000047b0       0x34 zephyr/kernel/libkernel.a(xip.c.obj)
                0x00000000000047b0                z_data_copy
 .text.first    0x00000000000047e4       0x14 zephyr/kernel/libkernel.a(timeout.c.obj)
 .text.next     0x00000000000047f8       0x18 zephyr/kernel/libkernel.a(timeout.c.obj)
 .text.elapsed  0x0000000000004810       0x18 zephyr/kernel/libkernel.a(timeout.c.obj)
 .text.next_timeout
                0x0000000000004828       0x4c zephyr/kernel/libkernel.a(timeout.c.obj)
 .text.z_add_timeout
                0x0000000000004874      0x118 zephyr/kernel/libkernel.a(timeout.c.obj)
                0x0000000000004874                z_add_timeout
 .text.sys_clock_announce
                0x000000000000498c       0xc4 zephyr/kernel/libkernel.a(timeout.c.obj)
                0x000000000000498c                sys_clock_announce
 .text.sys_clock_tick_get
                0x0000000000004a50       0x40 zephyr/kernel/libkernel.a(timeout.c.obj)
                0x0000000000004a50                sys_clock_tick_get
 .text.boot_banner
                0x0000000000004a90       0x1c zephyr/kernel/libkernel.a(banner.c.obj)
                0x0000000000004a90                boot_banner
 .text.nrf_cc3xx_platform_init_no_rng
                0x0000000000004aac       0x38 C:/ncs/v2.1.0/nrfxlib/crypto/nrf_cc312_platform/lib/cortex-m33/soft-float/no-interrupts/libnrf_cc312_platform_0.9.15.a(nrf_cc3xx_platform.c.obj)
                0x0000000000004aac                nrf_cc3xx_platform_init_no_rng
 .text.nrf_cc3xx_platform_abort
                0x0000000000004ae4       0x24 C:/ncs/v2.1.0/nrfxlib/crypto/nrf_cc312_platform/lib/cortex-m33/soft-float/no-interrupts/libnrf_cc312_platform_0.9.15.a(nrf_cc3xx_platform_abort.c.obj)
 .text.CC_PalAbort
                0x0000000000004b08       0x44 C:/ncs/v2.1.0/nrfxlib/crypto/nrf_cc312_platform/lib/cortex-m33/soft-float/no-interrupts/libnrf_cc312_platform_0.9.15.a(nrf_cc3xx_platform_abort.c.obj)
                0x0000000000004b08                CC_PalAbort
 .text.nrf_cc3xx_platform_set_abort
                0x0000000000004b4c       0x10 C:/ncs/v2.1.0/nrfxlib/crypto/nrf_cc312_platform/lib/cortex-m33/soft-float/no-interrupts/libnrf_cc312_platform_0.9.15.a(nrf_cc3xx_platform_abort.c.obj)
                0x0000000000004b4c                nrf_cc3xx_platform_set_abort
 .text.mutex_free
                0x0000000000004b5c       0x28 C:/ncs/v2.1.0/nrfxlib/crypto/nrf_cc312_platform/lib/cortex-m33/soft-float/no-interrupts/libnrf_cc312_platform_0.9.15.a(nrf_cc3xx_platform_mutex.c.obj)
 .text.mutex_lock
                0x0000000000004b84       0x40 C:/ncs/v2.1.0/nrfxlib/crypto/nrf_cc312_platform/lib/cortex-m33/soft-float/no-interrupts/libnrf_cc312_platform_0.9.15.a(nrf_cc3xx_platform_mutex.c.obj)
 .text.mutex_unlock
                0x0000000000004bc4       0x30 C:/ncs/v2.1.0/nrfxlib/crypto/nrf_cc312_platform/lib/cortex-m33/soft-float/no-interrupts/libnrf_cc312_platform_0.9.15.a(nrf_cc3xx_platform_mutex.c.obj)
 .text.mutex_init
                0x0000000000004bf4       0x1c C:/ncs/v2.1.0/nrfxlib/crypto/nrf_cc312_platform/lib/cortex-m33/soft-float/no-interrupts/libnrf_cc312_platform_0.9.15.a(nrf_cc3xx_platform_mutex.c.obj)
 .text.nrf_cc3xx_platform_set_mutexes
                0x0000000000004c10       0x68 C:/ncs/v2.1.0/nrfxlib/crypto/nrf_cc312_platform/lib/cortex-m33/soft-float/no-interrupts/libnrf_cc312_platform_0.9.15.a(nrf_cc3xx_platform_mutex.c.obj)
                0x0000000000004c10                nrf_cc3xx_platform_set_mutexes
 .text.CC_LibInitNoRng
                0x0000000000004c78       0x28 C:/ncs/v2.1.0/nrfxlib/crypto/nrf_cc312_platform/lib/cortex-m33/soft-float/no-interrupts/libnrf_cc312_platform_0.9.15.a(cc_lib.c.obj)
                0x0000000000004c78                CC_LibInitNoRng
 .text.CC_HalInit
                0x0000000000004ca0        0x4 C:/ncs/v2.1.0/nrfxlib/crypto/nrf_cc312_platform/lib/cortex-m33/soft-float/no-interrupts/libnrf_cc312_platform_0.9.15.a(cc_hal.c.obj)
                0x0000000000004ca0                CC_HalInit
 .text.CC_PalInit
                0x0000000000004ca4       0x5c C:/ncs/v2.1.0/nrfxlib/crypto/nrf_cc312_platform/lib/cortex-m33/soft-float/no-interrupts/libnrf_cc312_platform_0.9.15.a(cc_pal.c.obj)
                0x0000000000004ca4                CC_PalInit
 .text.CC_PalTerminate
                0x0000000000004d00       0x34 C:/ncs/v2.1.0/nrfxlib/crypto/nrf_cc312_platform/lib/cortex-m33/soft-float/no-interrupts/libnrf_cc312_platform_0.9.15.a(cc_pal.c.obj)
                0x0000000000004d00                CC_PalTerminate
 .text.CC_PalDmaInit
                0x0000000000004d34        0x4 C:/ncs/v2.1.0/nrfxlib/crypto/nrf_cc312_platform/lib/cortex-m33/soft-float/no-interrupts/libnrf_cc312_platform_0.9.15.a(cc_pal_dma.c.obj)
                0x0000000000004d34                CC_PalDmaInit
 .text.CC_PalDmaTerminate
                0x0000000000004d38        0x4 C:/ncs/v2.1.0/nrfxlib/crypto/nrf_cc312_platform/lib/cortex-m33/soft-float/no-interrupts/libnrf_cc312_platform_0.9.15.a(cc_pal_dma.c.obj)
                0x0000000000004d38                CC_PalDmaTerminate
 .text.CC_PalMutexCreate
                0x0000000000004d3c       0x14 C:/ncs/v2.1.0/nrfxlib/crypto/nrf_cc312_platform/lib/cortex-m33/soft-float/no-interrupts/libnrf_cc312_platform_0.9.15.a(cc_pal_mutex.c.obj)
                0x0000000000004d3c                CC_PalMutexCreate
 .text.CC_PalMutexDestroy
                0x0000000000004d50       0x14 C:/ncs/v2.1.0/nrfxlib/crypto/nrf_cc312_platform/lib/cortex-m33/soft-float/no-interrupts/libnrf_cc312_platform_0.9.15.a(cc_pal_mutex.c.obj)
                0x0000000000004d50                CC_PalMutexDestroy
 .text.CC_PalPowerSaveModeInit
                0x0000000000004d64       0x3c C:/ncs/v2.1.0/nrfxlib/crypto/nrf_cc312_platform/lib/cortex-m33/soft-float/no-interrupts/libnrf_cc312_platform_0.9.15.a(cc_pal_pm.c.obj)
                0x0000000000004d64                CC_PalPowerSaveModeInit
 .text.sys_notify_validate
                0x0000000000004da0       0x2e zephyr/libzephyr.a(notify.c.obj)
                0x0000000000004da0                sys_notify_validate
 .text.sys_notify_finalize
                0x0000000000004dce       0x1a zephyr/libzephyr.a(notify.c.obj)
                0x0000000000004dce                sys_notify_finalize
 .text.arch_printk_char_out
                0x0000000000004de8        0x4 zephyr/libzephyr.a(printk.c.obj)
                0x0000000000004de8                arch_printk_char_out
 .text.printk   0x0000000000004dec       0x1c zephyr/libzephyr.a(printk.c.obj)
                0x0000000000004dec                printk
 .text.set_state
                0x0000000000004e08       0x10 zephyr/libzephyr.a(onoff.c.obj)
 .text.notify_monitors
                0x0000000000004e18       0x3e zephyr/libzephyr.a(onoff.c.obj)
 .text.process_recheck
                0x0000000000004e56       0x32 zephyr/libzephyr.a(onoff.c.obj)
 .text.process_complete
                0x0000000000004e88       0x9c zephyr/libzephyr.a(onoff.c.obj)
 .text.validate_args
                0x0000000000004f24       0x2c zephyr/libzephyr.a(onoff.c.obj)
 .text.notify_one
                0x0000000000004f50       0x26 zephyr/libzephyr.a(onoff.c.obj)
 .text.notify_all
                0x0000000000004f76       0x2e zephyr/libzephyr.a(onoff.c.obj)
 .text.transition_complete
                0x0000000000004fa4       0x1c zephyr/libzephyr.a(onoff.c.obj)
 .text.onoff_manager_init
                0x0000000000004fc0       0x3a zephyr/libzephyr.a(onoff.c.obj)
                0x0000000000004fc0                onoff_manager_init
 .text.onoff_request
                0x0000000000004ffa       0xb8 zephyr/libzephyr.a(onoff.c.obj)
                0x0000000000004ffa                onoff_request
 .text.z_thread_entry
                0x00000000000050b2       0x14 zephyr/libzephyr.a(thread_entry.c.obj)
                0x00000000000050b2                z_thread_entry
 .text.extract_decimal
                0x00000000000050c6       0x24 zephyr/libzephyr.a(cbprintf_complete.c.obj)
 .text.encode_uint
                0x00000000000050ea       0xd4 zephyr/libzephyr.a(cbprintf_complete.c.obj)
 .text.outs     0x00000000000051be       0x34 zephyr/libzephyr.a(cbprintf_complete.c.obj)
 .text._ConfigAbsSyms
                0x00000000000051f2        0x2 zephyr/libzephyr.a(configs.c.obj)
                0x00000000000051f2                _ConfigAbsSyms
 .text.pm_state_exit_post_ops
                0x00000000000051f4        0xc zephyr/libzephyr.a(power.c.obj)
                0x00000000000051f4                pm_state_exit_post_ops
 .text.pm_policy_state_lock_is_active
                0x0000000000005200        0x4 zephyr/libzephyr.a(policy.c.obj)
                0x0000000000005200                pm_policy_state_lock_is_active
 .text.abort_function
                0x0000000000005204        0x8 zephyr/libzephyr.a(nrf_cc3xx_platform_abort_zephyr.c.obj)
 .text.z_arm_fatal_error
                0x000000000000520c        0x8 zephyr/arch/arch/arm/core/aarch32/libarch__arm__core__aarch32.a(fatal.c.obj)
                0x000000000000520c                z_arm_fatal_error
 .text.z_do_kernel_oops
                0x0000000000005214        0xc zephyr/arch/arch/arm/core/aarch32/libarch__arm__core__aarch32.a(fatal.c.obj)
                0x0000000000005214                z_do_kernel_oops
 .text.z_irq_spurious
                0x0000000000005220        0xc zephyr/arch/arch/arm/core/aarch32/libarch__arm__core__aarch32.a(irq_manage.c.obj)
                0x0000000000005220                z_irq_spurious
 .text.z_arm_nmi
                0x000000000000522c        0xc zephyr/arch/arch/arm/core/aarch32/libarch__arm__core__aarch32.a(nmi.c.obj)
                0x000000000000522c                z_arm_nmi
 .text.configure_builtin_stack_guard
                0x0000000000005238        0xa zephyr/arch/arch/arm/core/aarch32/libarch__arm__core__aarch32.a(thread.c.obj)
                0x0000000000005238                configure_builtin_stack_guard
 .text.memory_fault_recoverable
                0x0000000000005242        0x4 zephyr/arch/arch/arm/core/aarch32/cortex_m/libarch__arm__core__aarch32__cortex_m.a(fault.c.obj)
 .text.debug_monitor
                0x0000000000005246        0x6 zephyr/arch/arch/arm/core/aarch32/cortex_m/libarch__arm__core__aarch32__cortex_m.a(fault.c.obj)
 .text.fault_handle
                0x000000000000524c       0x46 zephyr/arch/arch/arm/core/aarch32/cortex_m/libarch__arm__core__aarch32__cortex_m.a(fault.c.obj)
 .text.arm_cmse_mpu_region_get
                0x0000000000005292       0x14 zephyr/arch/arch/arm/core/aarch32/cortex_m/cmse/libarch__arm__core__aarch32__cortex_m__cmse.a(arm_core_cmse.c.obj)
                0x0000000000005292                arm_cmse_mpu_region_get
 .text.region_init
                0x00000000000052a6       0x28 zephyr/arch/arch/arm/core/aarch32/mpu/libarch__arm__core__aarch32__mpu.a(arm_mpu.c.obj)
 .text.mpu_partition_is_valid
                0x00000000000052ce       0x24 zephyr/arch/arch/arm/core/aarch32/mpu/libarch__arm__core__aarch32__mpu.a(arm_mpu.c.obj)
 .text.region_allocate_and_init
                0x00000000000052f2       0x16 zephyr/arch/arch/arm/core/aarch32/mpu/libarch__arm__core__aarch32__mpu.a(arm_mpu.c.obj)
 .text.mpu_configure_region
                0x0000000000005308       0x3e zephyr/arch/arch/arm/core/aarch32/mpu/libarch__arm__core__aarch32__mpu.a(arm_mpu.c.obj)
 .text.arm_core_mpu_configure_static_mpu_regions
                0x0000000000005346        0x8 zephyr/arch/arch/arm/core/aarch32/mpu/libarch__arm__core__aarch32__mpu.a(arm_mpu.c.obj)
                0x0000000000005346                arm_core_mpu_configure_static_mpu_regions
 .text.arm_core_mpu_mark_areas_for_dynamic_regions
                0x000000000000534e        0x8 zephyr/arch/arch/arm/core/aarch32/mpu/libarch__arm__core__aarch32__mpu.a(arm_mpu.c.obj)
                0x000000000000534e                arm_core_mpu_mark_areas_for_dynamic_regions
 .text.strncpy  0x0000000000005356       0x34 zephyr/lib/libc/minimal/liblib__libc__minimal.a(string.c.obj)
                0x0000000000005356                strncpy
 .text.strlen   0x000000000000538a       0x12 zephyr/lib/libc/minimal/liblib__libc__minimal.a(string.c.obj)
                0x000000000000538a                strlen
 .text.strnlen  0x000000000000539c       0x14 zephyr/lib/libc/minimal/liblib__libc__minimal.a(string.c.obj)
                0x000000000000539c                strnlen
 .text.memcpy   0x00000000000053b0       0x5e zephyr/lib/libc/minimal/liblib__libc__minimal.a(string.c.obj)
                0x00000000000053b0                memcpy
 .text.memset   0x000000000000540e       0x3c zephyr/lib/libc/minimal/liblib__libc__minimal.a(string.c.obj)
                0x000000000000540e                memset
 .text._stdout_hook_default
                0x000000000000544a        0x6 zephyr/lib/libc/minimal/liblib__libc__minimal.a(stdout_console.c.obj)
 .text.get_sub_data
                0x0000000000005450        0xe zephyr/drivers/clock_control/libdrivers__clock_control.a(clock_control_nrf.c.obj)
 .text.get_sub_config
                0x000000000000545e        0x8 zephyr/drivers/clock_control/libdrivers__clock_control.a(clock_control_nrf.c.obj)
 .text.get_onoff_manager
                0x0000000000005466        0xc zephyr/drivers/clock_control/libdrivers__clock_control.a(clock_control_nrf.c.obj)
 .text.get_status
                0x0000000000005472       0x10 zephyr/drivers/clock_control/libdrivers__clock_control.a(clock_control_nrf.c.obj)
 .text.set_off_state
                0x0000000000005482       0x32 zephyr/drivers/clock_control/libdrivers__clock_control.a(clock_control_nrf.c.obj)
 .text.set_starting_state
                0x00000000000054b4       0x3c zephyr/drivers/clock_control/libdrivers__clock_control.a(clock_control_nrf.c.obj)
 .text.set_on_state
                0x00000000000054f0       0x26 zephyr/drivers/clock_control/libdrivers__clock_control.a(clock_control_nrf.c.obj)
 .text.clkstarted_handle
                0x0000000000005516       0x24 zephyr/drivers/clock_control/libdrivers__clock_control.a(clock_control_nrf.c.obj)
 .text.stop     0x000000000000553a       0x2a zephyr/drivers/clock_control/libdrivers__clock_control.a(clock_control_nrf.c.obj)
 .text.api_stop
                0x0000000000005564        0xa zephyr/drivers/clock_control/libdrivers__clock_control.a(clock_control_nrf.c.obj)
 .text.async_start
                0x000000000000556e       0x38 zephyr/drivers/clock_control/libdrivers__clock_control.a(clock_control_nrf.c.obj)
 .text.api_start
                0x00000000000055a6       0x10 zephyr/drivers/clock_control/libdrivers__clock_control.a(clock_control_nrf.c.obj)
 .text.onoff_started_callback
                0x00000000000055b6       0x10 zephyr/drivers/clock_control/libdrivers__clock_control.a(clock_control_nrf.c.obj)
 .text.hfclk_start
                0x00000000000055c6        0xa zephyr/drivers/clock_control/libdrivers__clock_control.a(clock_control_nrf.c.obj)
 .text.hfclkaudio_start
                0x00000000000055d0        0xa zephyr/drivers/clock_control/libdrivers__clock_control.a(clock_control_nrf.c.obj)
 .text.hfclk192m_start
                0x00000000000055da        0xa zephyr/drivers/clock_control/libdrivers__clock_control.a(clock_control_nrf.c.obj)
 .text.lfclk_start
                0x00000000000055e4        0xa zephyr/drivers/clock_control/libdrivers__clock_control.a(clock_control_nrf.c.obj)
 .text.hfclk_stop
                0x00000000000055ee        0xa zephyr/drivers/clock_control/libdrivers__clock_control.a(clock_control_nrf.c.obj)
 .text.hfclkaudio_stop
                0x00000000000055f8        0xa zephyr/drivers/clock_control/libdrivers__clock_control.a(clock_control_nrf.c.obj)
 .text.hfclk192m_stop
                0x0000000000005602        0xa zephyr/drivers/clock_control/libdrivers__clock_control.a(clock_control_nrf.c.obj)
 .text.lfclk_stop
                0x000000000000560c        0xa zephyr/drivers/clock_control/libdrivers__clock_control.a(clock_control_nrf.c.obj)
 .text.blocking_start_callback
                0x0000000000005616        0xa zephyr/drivers/clock_control/libdrivers__clock_control.a(clock_control_nrf.c.obj)
 .text.get_drive
                0x0000000000005620       0x86 zephyr/drivers/gpio/libdrivers__gpio.a(gpio_nrfx.c.obj)
 .text.get_pull
                0x00000000000056a6       0x18 zephyr/drivers/gpio/libdrivers__gpio.a(gpio_nrfx.c.obj)
 .text.gpio_nrfx_port_get_raw
                0x00000000000056be        0xc zephyr/drivers/gpio/libdrivers__gpio.a(gpio_nrfx.c.obj)
 .text.gpio_nrfx_port_set_masked_raw
                0x00000000000056ca       0x14 zephyr/drivers/gpio/libdrivers__gpio.a(gpio_nrfx.c.obj)
 .text.gpio_nrfx_port_set_bits_raw
                0x00000000000056de        0xa zephyr/drivers/gpio/libdrivers__gpio.a(gpio_nrfx.c.obj)
 .text.gpio_nrfx_port_clear_bits_raw
                0x00000000000056e8        0xa zephyr/drivers/gpio/libdrivers__gpio.a(gpio_nrfx.c.obj)
 .text.gpio_nrfx_port_toggle_bits
                0x00000000000056f2       0x14 zephyr/drivers/gpio/libdrivers__gpio.a(gpio_nrfx.c.obj)
 .text.get_trigger
                0x0000000000005706       0x2c zephyr/drivers/gpio/libdrivers__gpio.a(gpio_nrfx.c.obj)
 .text.gpio_nrfx_manage_callback
                0x0000000000005732       0x72 zephyr/drivers/gpio/libdrivers__gpio.a(gpio_nrfx.c.obj)
 .text.nrfx_gpio_handler
                0x00000000000057a4       0x48 zephyr/drivers/gpio/libdrivers__gpio.a(gpio_nrfx.c.obj)
 .text.endtx_isr
                0x00000000000057ec       0x32 zephyr/drivers/serial/libdrivers__serial.a(uart_nrfx_uarte.c.obj)
 .text.uarte_nrfx_isr_int
                0x000000000000581e       0x52 zephyr/drivers/serial/libdrivers__serial.a(uart_nrfx_uarte.c.obj)
 .text.uarte_nrfx_configure
                0x0000000000005870       0xc4 zephyr/drivers/serial/libdrivers__serial.a(uart_nrfx_uarte.c.obj)
 .text.uarte_nrfx_config_get
                0x0000000000005934       0x12 zephyr/drivers/serial/libdrivers__serial.a(uart_nrfx_uarte.c.obj)
 .text.uarte_nrfx_err_check
                0x0000000000005946        0xe zephyr/drivers/serial/libdrivers__serial.a(uart_nrfx_uarte.c.obj)
 .text.is_tx_ready
                0x0000000000005954       0x28 zephyr/drivers/serial/libdrivers__serial.a(uart_nrfx_uarte.c.obj)
 .text.uarte_enable
                0x000000000000597c        0xc zephyr/drivers/serial/libdrivers__serial.a(uart_nrfx_uarte.c.obj)
 .text.tx_start
                0x0000000000005988       0x3e zephyr/drivers/serial/libdrivers__serial.a(uart_nrfx_uarte.c.obj)
 .text.uarte_nrfx_poll_in
                0x00000000000059c6       0x2c zephyr/drivers/serial/libdrivers__serial.a(uart_nrfx_uarte.c.obj)
 .text.wait_tx_ready
                0x00000000000059f2       0x4e zephyr/drivers/serial/libdrivers__serial.a(uart_nrfx_uarte.c.obj)
 .text.uarte_instance_init
                0x0000000000005a40       0xc2 zephyr/drivers/serial/libdrivers__serial.a(uart_nrfx_uarte.c.obj)
 .text.uarte_0_init
                0x0000000000005b02       0x1e zephyr/drivers/serial/libdrivers__serial.a(uart_nrfx_uarte.c.obj)
 .text.sys_clock_idle_exit
                0x0000000000005b20        0x2 zephyr/drivers/timer/libdrivers__timer.a(sys_clock_init.c.obj)
                0x0000000000005b20                sys_clock_idle_exit
 .text.counter_sub
                0x0000000000005b22        0x8 zephyr/drivers/timer/libdrivers__timer.a(nrf_rtc_timer.c.obj)
 .text.event_clear
                0x0000000000005b2a       0x18 zephyr/drivers/timer/libdrivers__timer.a(nrf_rtc_timer.c.obj)
 .text.absolute_time_to_cc
                0x0000000000005b42        0x6 zephyr/drivers/timer/libdrivers__timer.a(nrf_rtc_timer.c.obj)
 .text.full_int_lock
                0x0000000000005b48       0x12 zephyr/drivers/timer/libdrivers__timer.a(nrf_rtc_timer.c.obj)
 .text.full_int_unlock
                0x0000000000005b5a        0xa zephyr/drivers/timer/libdrivers__timer.a(nrf_rtc_timer.c.obj)
 .text.set_absolute_alarm
                0x0000000000005b64       0x76 zephyr/drivers/timer/libdrivers__timer.a(nrf_rtc_timer.c.obj)
 .text.compare_set
                0x0000000000005bda       0x32 zephyr/drivers/timer/libdrivers__timer.a(nrf_rtc_timer.c.obj)
 .text.pinctrl_lookup_state
                0x0000000000005c0c       0x34 zephyr/drivers/pinctrl/libdrivers__pinctrl.a(common.c.obj)
                0x0000000000005c0c                pinctrl_lookup_state
 .text.k_sys_fatal_error_handler
                0x0000000000005c40        0x8 modules/nrf/lib/fatal_error/lib..__nrf__lib__fatal_error.a(fatal_error.c.obj)
                0x0000000000005c40                k_sys_fatal_error_handler
 .text.hw_cc3xx_init_internal
                0x0000000000005c48        0x8 modules/nrf/drivers/hw_cc310/lib..__nrf__drivers__hw_cc310.a(hw_cc310.c.obj)
 .text.hw_cc3xx_init
                0x0000000000005c50       0x14 modules/nrf/drivers/hw_cc310/lib..__nrf__drivers__hw_cc310.a(hw_cc310.c.obj)
 .text.nrf53_errata_42
                0x0000000000005c64       0x28 modules/hal_nordic/nrfx/libmodules__hal_nordic__nrfx.a(system_nrf5340_application.c.obj)
 .text.nrf53_errata_46
                0x0000000000005c8c       0x30 modules/hal_nordic/nrfx/libmodules__hal_nordic__nrfx.a(system_nrf5340_application.c.obj)
 .text.nrf53_errata_49
                0x0000000000005cbc       0x28 modules/hal_nordic/nrfx/libmodules__hal_nordic__nrfx.a(system_nrf5340_application.c.obj)
 .text.nrf53_errata_55
                0x0000000000005ce4       0x18 modules/hal_nordic/nrfx/libmodules__hal_nordic__nrfx.a(system_nrf5340_application.c.obj)
 .text.nrf53_errata_64
                0x0000000000005cfc       0x28 modules/hal_nordic/nrfx/libmodules__hal_nordic__nrfx.a(system_nrf5340_application.c.obj)
 .text.nrf53_errata_69
                0x0000000000005d24       0x28 modules/hal_nordic/nrfx/libmodules__hal_nordic__nrfx.a(system_nrf5340_application.c.obj)
 .text.nrf53_errata_97
                0x0000000000005d4c       0x28 modules/hal_nordic/nrfx/libmodules__hal_nordic__nrfx.a(system_nrf5340_application.c.obj)
 .text.nrf53_errata_140
                0x0000000000005d74       0x18 modules/hal_nordic/nrfx/libmodules__hal_nordic__nrfx.a(system_nrf5340_application.c.obj)
 .text.nrfx_isr
                0x0000000000005d8c        0x6 modules/hal_nordic/nrfx/libmodules__hal_nordic__nrfx.a(nrfx_glue.c.obj)
                0x0000000000005d8c                nrfx_isr
 .text.nrfx_busy_wait
                0x0000000000005d92        0x8 modules/hal_nordic/nrfx/libmodules__hal_nordic__nrfx.a(nrfx_glue.c.obj)
                0x0000000000005d92                nrfx_busy_wait
 .text.clock_initial_lfclksrc_get
                0x0000000000005d9a        0x4 modules/hal_nordic/nrfx/libmodules__hal_nordic__nrfx.a(nrfx_clock.c.obj)
 .text.clock_lfclksrc_tweak
                0x0000000000005d9e       0x22 modules/hal_nordic/nrfx/libmodules__hal_nordic__nrfx.a(nrfx_clock.c.obj)
 .text.nrfx_clock_enable
                0x0000000000005dc0       0x2a modules/hal_nordic/nrfx/libmodules__hal_nordic__nrfx.a(nrfx_clock.c.obj)
                0x0000000000005dc0                nrfx_clock_enable
 .text.nrfx_clock_start
                0x0000000000005dea       0xea modules/hal_nordic/nrfx/libmodules__hal_nordic__nrfx.a(nrfx_clock.c.obj)
                0x0000000000005dea                nrfx_clock_start
 .text.nrfx_clock_stop
                0x0000000000005ed4        0x8 modules/hal_nordic/nrfx/libmodules__hal_nordic__nrfx.a(nrfx_clock.c.obj)
                0x0000000000005ed4                nrfx_clock_stop
 .text.pin_is_task_output
                0x0000000000005edc       0x1e modules/hal_nordic/nrfx/libmodules__hal_nordic__nrfx.a(nrfx_gpiote.c.obj)
 .text.pin_is_input
                0x0000000000005efa        0xe modules/hal_nordic/nrfx/libmodules__hal_nordic__nrfx.a(nrfx_gpiote.c.obj)
 .text.gpiote_polarity_to_trigger
                0x0000000000005f08        0x2 modules/hal_nordic/nrfx/libmodules__hal_nordic__nrfx.a(nrfx_gpiote.c.obj)
 .text.gpiote_trigger_to_polarity
                0x0000000000005f0a        0x2 modules/hal_nordic/nrfx/libmodules__hal_nordic__nrfx.a(nrfx_gpiote.c.obj)
 .text.is_level
                0x0000000000005f0c        0xa modules/hal_nordic/nrfx/libmodules__hal_nordic__nrfx.a(nrfx_gpiote.c.obj)
 .text.z_device_is_ready
                0x0000000000005f16       0x1a zephyr/kernel/libkernel.a(device.c.obj)
                0x0000000000005f16                z_device_is_ready
 .text.z_fatal_error
                0x0000000000005f30       0x34 zephyr/kernel/libkernel.a(fatal.c.obj)
                0x0000000000005f30                z_fatal_error
 .text.z_early_memset
                0x0000000000005f64        0x8 zephyr/kernel/libkernel.a(init.c.obj)
                0x0000000000005f64                z_early_memset
 .text.z_early_memcpy
                0x0000000000005f6c        0x8 zephyr/kernel/libkernel.a(init.c.obj)
                0x0000000000005f6c                z_early_memcpy
 .text.create_free_list
                0x0000000000005f74       0x2e zephyr/kernel/libkernel.a(mem_slab.c.obj)
 .text.k_mem_slab_init
                0x0000000000005fa2       0x1c zephyr/kernel/libkernel.a(mem_slab.c.obj)
                0x0000000000005fa2                k_mem_slab_init
 .text.k_mem_slab_free
                0x0000000000005fbe       0x58 zephyr/kernel/libkernel.a(mem_slab.c.obj)
                0x0000000000005fbe                k_mem_slab_free
 .text.setup_thread_stack
                0x0000000000006016       0x18 zephyr/kernel/libkernel.a(thread.c.obj)
 .text.k_is_in_isr
                0x000000000000602e        0xc zephyr/kernel/libkernel.a(thread.c.obj)
                0x000000000000602e                k_is_in_isr
 .text.z_impl_k_thread_start
                0x000000000000603a        0x8 zephyr/kernel/libkernel.a(thread.c.obj)
                0x000000000000603a                z_impl_k_thread_start
 .text.z_init_thread_base
                0x0000000000006042       0x16 zephyr/kernel/libkernel.a(thread.c.obj)
                0x0000000000006042                z_init_thread_base
 .text.z_pm_save_idle_exit
                0x0000000000006058        0xc zephyr/kernel/libkernel.a(idle.c.obj)
                0x0000000000006058                z_pm_save_idle_exit
 .text.new_prio_for_inheritance
                0x0000000000006064       0x16 zephyr/kernel/libkernel.a(mutex.c.obj)
 .text.adjust_owner_prio
                0x000000000000607a       0x16 zephyr/kernel/libkernel.a(mutex.c.obj)
 .text.z_impl_k_mutex_init
                0x0000000000006090        0xe zephyr/kernel/libkernel.a(mutex.c.obj)
                0x0000000000006090                z_impl_k_mutex_init
 .text.thread_active_elsewhere
                0x000000000000609e        0x4 zephyr/kernel/libkernel.a(sched.c.obj)
 .text.pended_on_thread
                0x00000000000060a2        0x4 zephyr/kernel/libkernel.a(sched.c.obj)
 .text.z_sched_prio_cmp
                0x00000000000060a6       0x14 zephyr/kernel/libkernel.a(sched.c.obj)
                0x00000000000060a6                z_sched_prio_cmp
 .text.z_reschedule_irqlock
                0x00000000000060ba       0x2a zephyr/kernel/libkernel.a(sched.c.obj)
                0x00000000000060ba                z_reschedule_irqlock
 .text.z_priq_dumb_remove
                0x00000000000060e4       0x10 zephyr/kernel/libkernel.a(sched.c.obj)
                0x00000000000060e4                z_priq_dumb_remove
 .text.z_priq_dumb_best
                0x00000000000060f4        0xe zephyr/kernel/libkernel.a(sched.c.obj)
                0x00000000000060f4                z_priq_dumb_best
 .text.z_ready_thread
                0x0000000000006102       0x38 zephyr/kernel/libkernel.a(sched.c.obj)
                0x0000000000006102                z_ready_thread
 .text.z_thread_timeout
                0x000000000000613a       0x70 zephyr/kernel/libkernel.a(sched.c.obj)
                0x000000000000613a                z_thread_timeout
 .text.add_to_waitq_locked
                0x00000000000061aa       0x54 zephyr/kernel/libkernel.a(sched.c.obj)
 .text.pend     0x00000000000061fe       0x44 zephyr/kernel/libkernel.a(sched.c.obj)
 .text.z_unpend_first_thread
                0x0000000000006242       0x56 zephyr/kernel/libkernel.a(sched.c.obj)
                0x0000000000006242                z_unpend_first_thread
 .text.init_ready_q
                0x0000000000006298        0x8 zephyr/kernel/libkernel.a(sched.c.obj)
                0x0000000000006298                init_ready_q
 .text.remove_timeout
                0x00000000000062a0       0x2e zephyr/kernel/libkernel.a(timeout.c.obj)
 .text.z_abort_timeout
                0x00000000000062ce       0x3c zephyr/kernel/libkernel.a(timeout.c.obj)
                0x00000000000062ce                z_abort_timeout
 .text.z_get_next_timeout_expiry
                0x000000000000630a       0x2e zephyr/kernel/libkernel.a(timeout.c.obj)
                0x000000000000630a                z_get_next_timeout_expiry
 .text.z_set_timeout_expiry
                0x0000000000006338       0x56 zephyr/kernel/libkernel.a(timeout.c.obj)
                0x0000000000006338                z_set_timeout_expiry
 .text.sys_clock_tick_get_32
                0x000000000000638e        0x8 zephyr/kernel/libkernel.a(timeout.c.obj)
                0x000000000000638e                sys_clock_tick_get_32
 .text.z_impl_k_busy_wait
                0x0000000000006396        0xc zephyr/kernel/libkernel.a(timeout.c.obj)
                0x0000000000006396                z_impl_k_busy_wait
 .text._OffsetAbsSyms
                0x00000000000063a2        0x2 zephyr/CMakeFiles/offsets.dir/./arch/arm/core/offsets/offsets.c.obj
                0x00000000000063a2                _OffsetAbsSyms
 *(SORT_BY_ALIGNMENT(.TEXT.*))
 *(SORT_BY_ALIGNMENT(.gnu.linkonce.t.*))
 *(SORT_BY_ALIGNMENT(.glue_7t))
 .glue_7t       0x00000000000063a4        0x0 linker stubs
 *(SORT_BY_ALIGNMENT(.glue_7))
 .glue_7        0x00000000000063a4        0x0 linker stubs
 *(SORT_BY_ALIGNMENT(.vfp11_veneer))
 .vfp11_veneer  0x00000000000063a4        0x0 linker stubs
 *(SORT_BY_ALIGNMENT(.v4_bx))
 .v4_bx         0x00000000000063a4        0x0 linker stubs
                0x00000000000063a4                __text_region_end = .

.ARM.exidx      0x00000000000063a4        0x8
                0x00000000000063a4                __exidx_start = .
 *(SORT_BY_ALIGNMENT(.ARM.exidx*) SORT_BY_ALIGNMENT(gnu.linkonce.armexidx.*))
 .ARM.exidx     0x00000000000063a4        0x8 c:/ncs/toolchains/v2.1.0/opt/zephyr-sdk/arm-zephyr-eabi/bin/../lib/gcc/arm-zephyr-eabi/10.3.0/thumb/v8-m.main/nofp\libgcc.a(_udivmoddi4.o)
                0x00000000000063ac                __exidx_end = .
                0x00000000000063ac                __rodata_region_start = .

initlevel       0x00000000000063ac       0x50
                0x00000000000063ac                __init_start = .
                0x00000000000063ac                __init_PRE_KERNEL_1_start = .
 *(SORT_BY_NAME(SORT_BY_ALIGNMENT(.z_init_PRE_KERNEL_1[0-9]_*)))
 .z_init_PRE_KERNEL_10_
                0x00000000000063ac        0x8 zephyr/libzephyr.a(soc.c.obj)
 *(SORT_BY_NAME(SORT_BY_ALIGNMENT(.z_init_PRE_KERNEL_1[1-9][0-9]_*)))
 .z_init_PRE_KERNEL_130_
                0x00000000000063b4        0x8 zephyr/drivers/clock_control/libdrivers__clock_control.a(clock_control_nrf.c.obj)
 .z_init_PRE_KERNEL_130_
                0x00000000000063bc        0x8 zephyr/kernel/libkernel.a(mem_slab.c.obj)
 .z_init_PRE_KERNEL_140_
                0x00000000000063c4       0x10 zephyr/drivers/gpio/libdrivers__gpio.a(gpio_nrfx.c.obj)
 .z_init_PRE_KERNEL_140_
                0x00000000000063d4        0x8 modules/nrf/drivers/hw_cc310/lib..__nrf__drivers__hw_cc310.a(hw_cc310.c.obj)
 .z_init_PRE_KERNEL_155_
                0x00000000000063dc        0x8 zephyr/drivers/serial/libdrivers__serial.a(uart_nrfx_uarte.c.obj)
 .z_init_PRE_KERNEL_160_
                0x00000000000063e4        0x8 zephyr/drivers/console/libdrivers__console.a(uart_console.c.obj)
                0x00000000000063ec                __init_PRE_KERNEL_2_start = .
 *(SORT_BY_NAME(SORT_BY_ALIGNMENT(.z_init_PRE_KERNEL_2[0-9]_*)))
 .z_init_PRE_KERNEL_20_
                0x00000000000063ec        0x8 zephyr/drivers/timer/libdrivers__timer.a(nrf_rtc_timer.c.obj)
 *(SORT_BY_NAME(SORT_BY_ALIGNMENT(.z_init_PRE_KERNEL_2[1-9][0-9]_*)))
                0x00000000000063f4                __init_POST_KERNEL_start = .
 *(SORT_BY_NAME(SORT_BY_ALIGNMENT(.z_init_POST_KERNEL[0-9]_*)))
 *(SORT_BY_NAME(SORT_BY_ALIGNMENT(.z_init_POST_KERNEL[1-9][0-9]_*)))
 .z_init_POST_KERNEL40_
                0x00000000000063f4        0x8 modules/nrf/drivers/hw_cc310/lib..__nrf__drivers__hw_cc310.a(hw_cc310.c.obj)
                0x00000000000063fc                __init_APPLICATION_start = .
 *(SORT_BY_NAME(SORT_BY_ALIGNMENT(.z_init_APPLICATION[0-9]_*)))
 *(SORT_BY_NAME(SORT_BY_ALIGNMENT(.z_init_APPLICATION[1-9][0-9]_*)))
                0x00000000000063fc                __init_SMP_start = .
 *(SORT_BY_NAME(SORT_BY_ALIGNMENT(.z_init_SMP[0-9]_*)))
 *(SORT_BY_NAME(SORT_BY_ALIGNMENT(.z_init_SMP[1-9][0-9]_*)))
                0x00000000000063fc                __init_end = .

devices         0x00000000000063fc       0x60
                0x00000000000063fc                __device_start = .
                0x00000000000063fc                __device_PRE_KERNEL_1_start = .
 *(SORT_BY_NAME(SORT_BY_ALIGNMENT(.z_device_PRE_KERNEL_1[0-9]_*)))
 *(SORT_BY_NAME(SORT_BY_ALIGNMENT(.z_device_PRE_KERNEL_1[1-9][0-9]_*)))
 .z_device_PRE_KERNEL_130_
                0x00000000000063fc       0x18 zephyr/drivers/clock_control/libdrivers__clock_control.a(clock_control_nrf.c.obj)
                0x00000000000063fc                __device_dts_ord_32
 .z_device_PRE_KERNEL_140_
                0x0000000000006414       0x30 zephyr/drivers/gpio/libdrivers__gpio.a(gpio_nrfx.c.obj)
                0x0000000000006414                __device_dts_ord_44
                0x000000000000642c                __device_dts_ord_43
 .z_device_PRE_KERNEL_155_
                0x0000000000006444       0x18 zephyr/drivers/serial/libdrivers__serial.a(uart_nrfx_uarte.c.obj)
                0x0000000000006444                __device_dts_ord_76
                0x000000000000645c                __device_PRE_KERNEL_2_start = .
 *(SORT_BY_NAME(SORT_BY_ALIGNMENT(.z_device_PRE_KERNEL_2[0-9]_*)))
 *(SORT_BY_NAME(SORT_BY_ALIGNMENT(.z_device_PRE_KERNEL_2[1-9][0-9]_*)))
                0x000000000000645c                __device_POST_KERNEL_start = .
 *(SORT_BY_NAME(SORT_BY_ALIGNMENT(.z_device_POST_KERNEL[0-9]_*)))
 *(SORT_BY_NAME(SORT_BY_ALIGNMENT(.z_device_POST_KERNEL[1-9][0-9]_*)))
                0x000000000000645c                __device_APPLICATION_start = .
 *(SORT_BY_NAME(SORT_BY_ALIGNMENT(.z_device_APPLICATION[0-9]_*)))
 *(SORT_BY_NAME(SORT_BY_ALIGNMENT(.z_device_APPLICATION[1-9][0-9]_*)))
                0x000000000000645c                __device_SMP_start = .
 *(SORT_BY_NAME(SORT_BY_ALIGNMENT(.z_device_SMP[0-9]_*)))
 *(SORT_BY_NAME(SORT_BY_ALIGNMENT(.z_device_SMP[1-9][0-9]_*)))
                0x000000000000645c                __device_end = .

sw_isr_table    0x000000000000645c      0x228
                0x000000000000645c                . = ALIGN (0x4)
 *(SORT_BY_ALIGNMENT(.gnu.linkonce.sw_isr_table*))
 .gnu.linkonce.sw_isr_table
                0x000000000000645c      0x228 zephyr/arch/common/libisr_tables.a(isr_tables.c.obj)
                0x000000000000645c                _sw_isr_table

initlevel_error
                0x00000000000063ac        0x0
 *(SORT_BY_NAME(SORT_BY_ALIGNMENT(.z_init_[_A-Z0-9]*)))
                0x0000000000000001                ASSERT ((SIZEOF (initlevel_error) == 0x0), Undefined initialization levels used.)

app_shmem_regions
                0x0000000000006684        0x0
                0x0000000000006684                __app_shmem_regions_start = .
 *(SORT_BY_NAME(SORT_BY_ALIGNMENT(.app_regions.*)))
                0x0000000000006684                __app_shmem_regions_end = .

k_p4wq_initparam_area
                0x0000000000006684        0x0
                0x0000000000006684                _k_p4wq_initparam_list_start = .
 *(SORT_BY_NAME(SORT_BY_ALIGNMENT(._k_p4wq_initparam.static.*)))
                0x0000000000006684                _k_p4wq_initparam_list_end = .

device_handles  0x0000000000006684       0x28
                0x0000000000006684                __device_handles_start = .
 *(SORT_BY_NAME(SORT_BY_ALIGNMENT(.__device_handles_pass1*)))
 .__device_handles_pass1
                0x0000000000006684        0xa zephyr/drivers/clock_control/libdrivers__clock_control.a(clock_control_nrf.c.obj)
                0x0000000000006684                __devicehdl_DT_N_S_soc_S_peripheral_50000000_S_clock_5000
 .__device_handles_pass1
                0x000000000000668e       0x10 zephyr/drivers/gpio/libdrivers__gpio.a(gpio_nrfx.c.obj)
                0x000000000000668e                __devicehdl_DT_N_S_soc_S_peripheral_50000000_S_gpio_842800
                0x0000000000006696                __devicehdl_DT_N_S_soc_S_peripheral_50000000_S_gpio_842500
 .__device_handles_pass1
                0x000000000000669e        0xe zephyr/drivers/serial/libdrivers__serial.a(uart_nrfx_uarte.c.obj)
                0x000000000000669e                __devicehdl_DT_N_S_soc_S_peripheral_50000000_S_uart_8000
                0x00000000000066ac                __device_handles_end = .

ztest           0x00000000000066ac        0x0
                0x00000000000066ac                _ztest_suite_node_list_start = .
 *(SORT_BY_NAME(SORT_BY_ALIGNMENT(._ztest_suite_node.static.*)))
                0x00000000000066ac                _ztest_suite_node_list_end = .
                0x00000000000066ac                _ztest_unit_test_list_start = .
 *(SORT_BY_NAME(SORT_BY_ALIGNMENT(._ztest_unit_test.static.*)))
                0x00000000000066ac                _ztest_unit_test_list_end = .
                0x00000000000066ac                _ztest_test_rule_list_start = .
 *(SORT_BY_NAME(SORT_BY_ALIGNMENT(._ztest_test_rule.static.*)))
                0x00000000000066ac                _ztest_test_rule_list_end = .

bt_l2cap_fixed_chan_area
                0x00000000000066ac        0x0
                0x00000000000066ac                _bt_l2cap_fixed_chan_list_start = .
 *(SORT_BY_NAME(SORT_BY_ALIGNMENT(._bt_l2cap_fixed_chan.static.*)))
                0x00000000000066ac                _bt_l2cap_fixed_chan_list_end = .

bt_gatt_service_static_area
                0x00000000000066ac        0x0
                0x00000000000066ac                _bt_gatt_service_static_list_start = .
 *(SORT_BY_NAME(SORT_BY_ALIGNMENT(._bt_gatt_service_static.static.*)))
                0x00000000000066ac                _bt_gatt_service_static_list_end = .

log_strings_sections
                0x00000000000066ac        0x0
                0x00000000000066ac                __log_strings_start = .
 *(SORT_BY_NAME(SORT_BY_ALIGNMENT(.log_strings*)))
                0x00000000000066ac                __log_strings_end = .

log_const_sections
                0x00000000000066ac        0x0
                0x00000000000066ac                __log_const_start = .
 *(SORT_BY_NAME(SORT_BY_ALIGNMENT(.log_const_*)))
                0x00000000000066ac                __log_const_end = .

log_backends_sections
                0x00000000000066ac        0x0
                0x00000000000066ac                __log_backends_start = .
 *(SORT_BY_ALIGNMENT(._log_backend.*))
                0x00000000000066ac                __log_backends_end = .

tracing_backend_area
                0x00000000000066ac        0x0
                0x00000000000066ac                _tracing_backend_list_start = .
 *(SORT_BY_NAME(SORT_BY_ALIGNMENT(._tracing_backend.static.*)))
                0x00000000000066ac                _tracing_backend_list_end = .

zephyr_dbg_info
                0x00000000000066ac       0x3c
 *(SORT_BY_ALIGNMENT(.dbg_thread_info))
 .dbg_thread_info
                0x00000000000066ac       0x3c zephyr/libzephyr.a(thread_info.c.obj)
                0x00000000000066ac                _kernel_openocd_size_t_size
                0x00000000000066ac                _kernel_thread_info_size_t_size
                0x00000000000066b0                _kernel_openocd_num_offsets
                0x00000000000066b0                _kernel_thread_info_num_offsets
                0x00000000000066b4                _kernel_openocd_offsets
                0x00000000000066b4                _kernel_thread_info_offsets

symbol_to_keep  0x00000000000066e8        0x0
                0x00000000000066e8                __symbol_to_keep_start = .
 *(SORT_BY_NAME(SORT_BY_ALIGNMENT(.symbol_to_keep*)))
                0x00000000000066e8                __symbol_to_keep_end = .

shell_area      0x00000000000066e8        0x0
                0x00000000000066e8                _shell_list_start = .
 *(SORT_BY_NAME(SORT_BY_ALIGNMENT(._shell.static.*)))
                0x00000000000066e8                _shell_list_end = .

shell_root_cmds_sections
                0x00000000000066e8        0x0
                0x00000000000066e8                __shell_root_cmds_start = .
 *(SORT_BY_NAME(SORT_BY_ALIGNMENT(.shell_root_cmd_*)))
                0x00000000000066e8                __shell_root_cmds_end = .

shell_subcmds_sections
                0x00000000000066e8        0x0
                0x00000000000066e8                __shell_subcmds_start = .
 *(SORT_BY_NAME(SORT_BY_ALIGNMENT(.shell_subcmd_*)))
                0x00000000000066e8                __shell_subcmds_end = .

shell_dynamic_subcmds_sections
                0x00000000000066e8        0x0
                0x00000000000066e8                __shell_dynamic_subcmds_start = .
 *(SORT_BY_NAME(SORT_BY_ALIGNMENT(.shell_dynamic_subcmd_*)))
                0x00000000000066e8                __shell_dynamic_subcmds_end = .

font_entry_sections
                0x00000000000066e8        0x0
                0x00000000000066e8                __font_entry_start = .
 *(SORT_BY_NAME(SORT_BY_ALIGNMENT(._cfb_font.*)))
                0x00000000000066e8                __font_entry_end = .

rodata          0x00000000000066f0      0x324
 *(SORT_BY_ALIGNMENT(.rodata))
 .rodata        0x00000000000066f0        0x8 modules/hal_nordic/nrfx/libmodules__hal_nordic__nrfx.a(nrfx_gpiote.c.obj)
 *(SORT_BY_ALIGNMENT(.rodata.*))
 *fill*         0x00000000000066f8        0x8 
 .rodata.delay_machine_code.0
                0x0000000000006700        0x6 zephyr/libzephyr.a(soc.c.obj)
 *fill*         0x0000000000006706        0x2 
 .rodata.main.str1.4
                0x0000000000006708       0x1e app/libapp.a(main.c.obj)
 *fill*         0x0000000000006726        0x2 
 .rodata.z_cbvprintf_impl.str1.4
                0x0000000000006728        0x6 zephyr/libzephyr.a(cbprintf_complete.c.obj)
 *fill*         0x000000000000672e        0x2 
 .rodata.sys_reboot.str1.4
                0x0000000000006730       0x29 zephyr/libzephyr.a(reboot.c.obj)
 *fill*         0x0000000000006759        0x3 
 .rodata.pmstates_DT_N_S_cpus_S_cpu_0
                0x000000000000675c        0x0 zephyr/libzephyr.a(state.c.obj)
 .rodata.apis   0x000000000000675c        0x8 zephyr/libzephyr.a(nrf_cc3xx_platform_abort_zephyr.c.obj)
 .rodata.mutex_free_platform.str1.4
                0x0000000000006764       0x26 zephyr/libzephyr.a(nrf_cc3xx_platform_mutex_zephyr.c.obj)
 *fill*         0x000000000000678a        0x2 
 .rodata.mutex_init_platform.str1.4
                0x000000000000678c       0x2d zephyr/libzephyr.a(nrf_cc3xx_platform_mutex_zephyr.c.obj)
 *fill*         0x00000000000067b9        0x3 
 .rodata.mutex_apis
                0x00000000000067bc       0x10 zephyr/libzephyr.a(nrf_cc3xx_platform_mutex_zephyr.c.obj)
 .rodata.mutexes
                0x00000000000067cc       0x14 zephyr/libzephyr.a(nrf_cc3xx_platform_mutex_zephyr.c.obj)
 .rodata.static_regions
                0x00000000000067e0        0xc zephyr/arch/arch/arm/core/aarch32/mpu/libarch__arm__core__aarch32__mpu.a(arm_core_mpu.c.obj)
 .rodata.str1.4
                0x00000000000067ec        0xf zephyr/soc/arm/common/cortex_m/libsoc__arm__common__cortex_m.a(arm_mpu_regions.c.obj)
 *fill*         0x00000000000067fb        0x1 
 .rodata.mpu_config
                0x00000000000067fc        0x8 zephyr/soc/arm/common/cortex_m/libsoc__arm__common__cortex_m.a(arm_mpu_regions.c.obj)
                0x00000000000067fc                mpu_config
 .rodata.mpu_regions
                0x0000000000006804       0x20 zephyr/soc/arm/common/cortex_m/libsoc__arm__common__cortex_m.a(arm_mpu_regions.c.obj)
 .rodata.str1.4
                0x0000000000006824        0xb zephyr/drivers/clock_control/libdrivers__clock_control.a(clock_control_nrf.c.obj)
 *fill*         0x000000000000682f        0x1 
 .rodata.clock_control_api
                0x0000000000006830       0x1c zephyr/drivers/clock_control/libdrivers__clock_control.a(clock_control_nrf.c.obj)
 .rodata.config
                0x000000000000684c       0x20 zephyr/drivers/clock_control/libdrivers__clock_control.a(clock_control_nrf.c.obj)
 .rodata.transitions.0
                0x000000000000686c        0xc zephyr/drivers/clock_control/libdrivers__clock_control.a(clock_control_nrf.c.obj)
 .rodata.str1.4
                0x0000000000006878       0x18 zephyr/drivers/gpio/libdrivers__gpio.a(gpio_nrfx.c.obj)
 .rodata.gpio_nrfx_drv_api_funcs
                0x0000000000006890       0x24 zephyr/drivers/gpio/libdrivers__gpio.a(gpio_nrfx.c.obj)
 .rodata.gpio_nrfx_p0_cfg
                0x00000000000068b4       0x10 zephyr/drivers/gpio/libdrivers__gpio.a(gpio_nrfx.c.obj)
 .rodata.gpio_nrfx_p1_cfg
                0x00000000000068c4       0x10 zephyr/drivers/gpio/libdrivers__gpio.a(gpio_nrfx.c.obj)
 .rodata.str1.4
                0x00000000000068d4        0xa zephyr/drivers/serial/libdrivers__serial.a(uart_nrfx_uarte.c.obj)
 *fill*         0x00000000000068de        0x2 
 .rodata.__pinctrl_dev_config__device_dts_ord_76
                0x00000000000068e0        0xc zephyr/drivers/serial/libdrivers__serial.a(uart_nrfx_uarte.c.obj)
 .rodata.__pinctrl_state_pins_0__device_dts_ord_76
                0x00000000000068ec       0x10 zephyr/drivers/serial/libdrivers__serial.a(uart_nrfx_uarte.c.obj)
 .rodata.__pinctrl_states__device_dts_ord_76
                0x00000000000068fc        0x8 zephyr/drivers/serial/libdrivers__serial.a(uart_nrfx_uarte.c.obj)
 .rodata.uart_nrfx_uarte_driver_api
                0x0000000000006904       0x14 zephyr/drivers/serial/libdrivers__serial.a(uart_nrfx_uarte.c.obj)
 .rodata.uarte_0z_config
                0x0000000000006918       0x10 zephyr/drivers/serial/libdrivers__serial.a(uart_nrfx_uarte.c.obj)
 .rodata.levels.0
                0x0000000000006928       0x14 zephyr/kernel/libkernel.a(device.c.obj)
 .rodata._k_neg_eagain
                0x000000000000693c        0x4 zephyr/kernel/libkernel.a(errno.c.obj)
                0x000000000000693c                _k_neg_eagain
 .rodata.init_idle_thread.str1.4
                0x0000000000006940        0x5 zephyr/kernel/libkernel.a(init.c.obj)
 *fill*         0x0000000000006945        0x3 
 .rodata.prepare_multithreading.str1.4
                0x0000000000006948        0x5 zephyr/kernel/libkernel.a(init.c.obj)
 *fill*         0x000000000000694d        0x3 
 .rodata.boot_banner.str1.4
                0x0000000000006950       0x37 zephyr/kernel/libkernel.a(banner.c.obj)
                                         0x3b (size before relaxing)
 *fill*         0x0000000000006987        0x1 
 .rodata.CSWTCH.10
                0x0000000000006988       0x20 C:/ncs/v2.1.0/nrfxlib/crypto/nrf_cc312_platform/lib/cortex-m33/soft-float/no-interrupts/libnrf_cc312_platform_0.9.15.a(nrf_cc3xx_platform.c.obj)
 .rodata.mutex_free.str1.4
                0x00000000000069a8       0x26 C:/ncs/v2.1.0/nrfxlib/crypto/nrf_cc312_platform/lib/cortex-m33/soft-float/no-interrupts/libnrf_cc312_platform_0.9.15.a(nrf_cc3xx_platform_mutex.c.obj)
 *fill*         0x00000000000069ce        0x2 
 .rodata.mutex_init.str1.4
                0x00000000000069d0       0x23 C:/ncs/v2.1.0/nrfxlib/crypto/nrf_cc312_platform/lib/cortex-m33/soft-float/no-interrupts/libnrf_cc312_platform_0.9.15.a(nrf_cc3xx_platform_mutex.c.obj)
 *fill*         0x00000000000069f3        0x1 
 .rodata.CC_PalPowerSaveModeInit.str1.4
                0x00000000000069f4       0x20 C:/ncs/v2.1.0/nrfxlib/crypto/nrf_cc312_platform/lib/cortex-m33/soft-float/no-interrupts/libnrf_cc312_platform_0.9.15.a(cc_pal_pm.c.obj)
 *(SORT_BY_ALIGNMENT(.gnu.linkonce.r.*))
                0x0000000000006a14                . = ALIGN (0x4)
                0x0000000000006a14                __rodata_region_end = .
                0x0000000000006a20                . = ALIGN (_region_min_align)
                0x0000000000006a20                __rom_region_end = .
                0x0000000020000000                . = 0x20000000
                0x0000000020000000                . = ALIGN (_region_min_align)
                0x0000000020000000                _image_ram_start = .

.ramfunc        0x0000000020000000        0x0 load address 0x0000000000006a14
                0x0000000020000000                . = ALIGN (_region_min_align)
                0x0000000020000000                __ramfunc_start = .
 *(SORT_BY_ALIGNMENT(.ramfunc))
 *(SORT_BY_ALIGNMENT(.ramfunc.*))
                0x0000000020000000                . = ALIGN (_region_min_align)
                0x0000000020000000                __ramfunc_end = .
                0x0000000000000000                __ramfunc_size = (__ramfunc_end - __ramfunc_start)
                0x0000000000006a14                __ramfunc_load_start = LOADADDR (.ramfunc)

datas           0x0000000020000000      0x134 load address 0x0000000000006a14
                0x0000000020000000                __data_region_start = .
                0x0000000020000000                __data_start = .
 *(SORT_BY_ALIGNMENT(.data))
 *(SORT_BY_ALIGNMENT(.data.*))
 .data._char_out
                0x0000000020000000        0x4 zephyr/libzephyr.a(printk.c.obj)
                0x0000000020000000                _char_out
 .data.max_latency_ticks
                0x0000000020000004        0x4 zephyr/libzephyr.a(policy.c.obj)
 .data.asym_mutex
                0x0000000020000008        0x8 zephyr/libzephyr.a(nrf_cc3xx_platform_mutex_zephyr.c.obj)
 .data.power_mutex
                0x0000000020000010        0x8 zephyr/libzephyr.a(nrf_cc3xx_platform_mutex_zephyr.c.obj)
 .data.rng_mutex
                0x0000000020000018        0x8 zephyr/libzephyr.a(nrf_cc3xx_platform_mutex_zephyr.c.obj)
 .data.sym_mutex
                0x0000000020000020        0x8 zephyr/libzephyr.a(nrf_cc3xx_platform_mutex_zephyr.c.obj)
 .data._stdout_hook
                0x0000000020000028        0x4 zephyr/lib/libc/minimal/liblib__libc__minimal.a(stdout_console.c.obj)
 .data.uarte_0_data
                0x000000002000002c       0x1c zephyr/drivers/serial/libdrivers__serial.a(uart_nrfx_uarte.c.obj)
 .data.SystemCoreClock
                0x0000000020000048        0x4 modules/hal_nordic/nrfx/libmodules__hal_nordic__nrfx.a(system_nrf5340_application.c.obj)
                0x0000000020000048                SystemCoreClock
 .data.m_allocated_channels
                0x000000002000004c        0x4 modules/hal_nordic/nrfx/libmodules__hal_nordic__nrfx.a(nrfx_dppi.c.obj)
 .data.m_cb     0x0000000020000050       0x7c modules/hal_nordic/nrfx/libmodules__hal_nordic__nrfx.a(nrfx_gpiote.c.obj)
 .data.timeout_list
                0x00000000200000cc        0x8 zephyr/kernel/libkernel.a(timeout.c.obj)
 .data.platform_abort_apis
                0x00000000200000d4        0x8 C:/ncs/v2.1.0/nrfxlib/crypto/nrf_cc312_platform/lib/cortex-m33/soft-float/no-interrupts/libnrf_cc312_platform_0.9.15.a(nrf_cc3xx_platform_abort.c.obj)
                0x00000000200000d4                platform_abort_apis
 .data.asym_mutex
                0x00000000200000dc        0x8 C:/ncs/v2.1.0/nrfxlib/crypto/nrf_cc312_platform/lib/cortex-m33/soft-float/no-interrupts/libnrf_cc312_platform_0.9.15.a(nrf_cc3xx_platform_mutex.c.obj)
 .data.platform_mutex_apis
                0x00000000200000e4       0x10 C:/ncs/v2.1.0/nrfxlib/crypto/nrf_cc312_platform/lib/cortex-m33/soft-float/no-interrupts/libnrf_cc312_platform_0.9.15.a(nrf_cc3xx_platform_mutex.c.obj)
                0x00000000200000e4                platform_mutex_apis
 .data.platform_mutexes
                0x00000000200000f4       0x14 C:/ncs/v2.1.0/nrfxlib/crypto/nrf_cc312_platform/lib/cortex-m33/soft-float/no-interrupts/libnrf_cc312_platform_0.9.15.a(nrf_cc3xx_platform_mutex.c.obj)
                0x00000000200000f4                platform_mutexes
 .data.power_mutex
                0x0000000020000108        0x8 C:/ncs/v2.1.0/nrfxlib/crypto/nrf_cc312_platform/lib/cortex-m33/soft-float/no-interrupts/libnrf_cc312_platform_0.9.15.a(nrf_cc3xx_platform_mutex.c.obj)
 .data.rng_mutex
                0x0000000020000110        0x8 C:/ncs/v2.1.0/nrfxlib/crypto/nrf_cc312_platform/lib/cortex-m33/soft-float/no-interrupts/libnrf_cc312_platform_0.9.15.a(nrf_cc3xx_platform_mutex.c.obj)
 .data.sym_mutex
                0x0000000020000118        0x8 C:/ncs/v2.1.0/nrfxlib/crypto/nrf_cc312_platform/lib/cortex-m33/soft-float/no-interrupts/libnrf_cc312_platform_0.9.15.a(nrf_cc3xx_platform_mutex.c.obj)
 .data.CCAsymCryptoMutex
                0x0000000020000120        0x4 C:/ncs/v2.1.0/nrfxlib/crypto/nrf_cc312_platform/lib/cortex-m33/soft-float/no-interrupts/libnrf_cc312_platform_0.9.15.a(cc_pal.c.obj)
                0x0000000020000120                CCAsymCryptoMutex
 .data.CCPowerMutex
                0x0000000020000124        0x4 C:/ncs/v2.1.0/nrfxlib/crypto/nrf_cc312_platform/lib/cortex-m33/soft-float/no-interrupts/libnrf_cc312_platform_0.9.15.a(cc_pal.c.obj)
                0x0000000020000124                CCPowerMutex
 .data.CCRndCryptoMutex
                0x0000000020000128        0x4 C:/ncs/v2.1.0/nrfxlib/crypto/nrf_cc312_platform/lib/cortex-m33/soft-float/no-interrupts/libnrf_cc312_platform_0.9.15.a(cc_pal.c.obj)
                0x0000000020000128                CCRndCryptoMutex
 .data.CCSymCryptoMutex
                0x000000002000012c        0x4 C:/ncs/v2.1.0/nrfxlib/crypto/nrf_cc312_platform/lib/cortex-m33/soft-float/no-interrupts/libnrf_cc312_platform_0.9.15.a(cc_pal.c.obj)
                0x000000002000012c                CCSymCryptoMutex
 .data.pCCRndCryptoMutex
                0x0000000020000130        0x4 C:/ncs/v2.1.0/nrfxlib/crypto/nrf_cc312_platform/lib/cortex-m33/soft-float/no-interrupts/libnrf_cc312_platform_0.9.15.a(cc_pal.c.obj)
                0x0000000020000130                pCCRndCryptoMutex
 *(SORT_BY_ALIGNMENT(.kernel.*))
                0x0000000020000134                __data_end = .
                0x0000000000000134                __data_size = (__data_end - __data_start)
                0x0000000000006a14                __data_load_start = LOADADDR (datas)
                0x0000000000006a14                __data_region_load_start = LOADADDR (datas)

device_states   0x0000000020000134       0x10 load address 0x0000000000006b48
                0x0000000020000134                __device_states_start = .
 *(SORT_BY_ALIGNMENT(.z_devstate))
 .z_devstate    0x0000000020000134        0x4 zephyr/drivers/clock_control/libdrivers__clock_control.a(clock_control_nrf.c.obj)
 .z_devstate    0x0000000020000138        0x8 zephyr/drivers/gpio/libdrivers__gpio.a(gpio_nrfx.c.obj)
 .z_devstate    0x0000000020000140        0x4 zephyr/drivers/serial/libdrivers__serial.a(uart_nrfx_uarte.c.obj)
 *(SORT_BY_ALIGNMENT(.z_devstate.*))
                0x0000000020000144                __device_states_end = .

initshell       0x0000000020000144        0x0 load address 0x0000000000006b58
                0x0000000020000144                __shell_module_start = .
 *(SORT_BY_ALIGNMENT(.shell_module_*))
                0x0000000020000144                __shell_module_end = .
                0x0000000020000144                __shell_cmd_start = .
 *(SORT_BY_ALIGNMENT(.shell_cmd_*))
                0x0000000020000144                __shell_cmd_end = .

log_dynamic_sections
                0x0000000020000144        0x0 load address 0x0000000000006b58
                0x0000000020000144                __log_dynamic_start = .
 *(SORT_BY_NAME(SORT_BY_ALIGNMENT(.log_dynamic_*)))
                0x0000000020000144                __log_dynamic_end = .

_static_thread_data_area
                0x0000000020000144        0x0 load address 0x0000000000006b58
                0x0000000020000144                __static_thread_data_list_start = .
 *(SORT_BY_NAME(SORT_BY_ALIGNMENT(.__static_thread_data.static.*)))
                0x0000000020000144                __static_thread_data_list_end = .

k_timer_area    0x0000000020000144        0x0 load address 0x0000000000006b58
                0x0000000020000144                _k_timer_list_start = .
 *(SORT_BY_NAME(SORT_BY_ALIGNMENT(._k_timer.static.*)))
                0x0000000020000144                _k_timer_list_end = .

k_mem_slab_area
                0x0000000020000144        0x0 load address 0x0000000000006b58
                0x0000000020000144                _k_mem_slab_list_start = .
 *(SORT_BY_NAME(SORT_BY_ALIGNMENT(._k_mem_slab.static.*)))
                0x0000000020000144                _k_mem_slab_list_end = .

k_mem_pool_area
                0x0000000020000144        0x0 load address 0x0000000000006b58
                0x0000000020000144                _k_mem_pool_list_start = .
 *(SORT_BY_NAME(SORT_BY_ALIGNMENT(._k_mem_pool.static.*)))
                0x0000000020000144                _k_mem_pool_list_end = .

k_heap_area     0x0000000020000144        0x0 load address 0x0000000000006b58
                0x0000000020000144                _k_heap_list_start = .
 *(SORT_BY_NAME(SORT_BY_ALIGNMENT(._k_heap.static.*)))
                0x0000000020000144                _k_heap_list_end = .

k_mutex_area    0x0000000020000144       0x50 load address 0x0000000000006b58
                0x0000000020000144                _k_mutex_list_start = .
 *(SORT_BY_NAME(SORT_BY_ALIGNMENT(._k_mutex.static.*)))
 ._k_mutex.static.asym_mutex_int
                0x0000000020000144       0x14 zephyr/libzephyr.a(nrf_cc3xx_platform_mutex_zephyr.c.obj)
                0x0000000020000144                asym_mutex_int
 ._k_mutex.static.power_mutex_int
                0x0000000020000158       0x14 zephyr/libzephyr.a(nrf_cc3xx_platform_mutex_zephyr.c.obj)
                0x0000000020000158                power_mutex_int
 ._k_mutex.static.rng_mutex_int
                0x000000002000016c       0x14 zephyr/libzephyr.a(nrf_cc3xx_platform_mutex_zephyr.c.obj)
                0x000000002000016c                rng_mutex_int
 ._k_mutex.static.sym_mutex_int
                0x0000000020000180       0x14 zephyr/libzephyr.a(nrf_cc3xx_platform_mutex_zephyr.c.obj)
                0x0000000020000180                sym_mutex_int
                0x0000000020000194                _k_mutex_list_end = .

k_stack_area    0x0000000020000194        0x0 load address 0x0000000000006ba8
                0x0000000020000194                _k_stack_list_start = .
 *(SORT_BY_NAME(SORT_BY_ALIGNMENT(._k_stack.static.*)))
                0x0000000020000194                _k_stack_list_end = .

k_msgq_area     0x0000000020000194        0x0 load address 0x0000000000006ba8
                0x0000000020000194                _k_msgq_list_start = .
 *(SORT_BY_NAME(SORT_BY_ALIGNMENT(._k_msgq.static.*)))
                0x0000000020000194                _k_msgq_list_end = .

k_mbox_area     0x0000000020000194        0x0 load address 0x0000000000006ba8
                0x0000000020000194                _k_mbox_list_start = .
 *(SORT_BY_NAME(SORT_BY_ALIGNMENT(._k_mbox.static.*)))
                0x0000000020000194                _k_mbox_list_end = .

k_pipe_area     0x0000000020000194        0x0 load address 0x0000000000006ba8
                0x0000000020000194                _k_pipe_list_start = .
 *(SORT_BY_NAME(SORT_BY_ALIGNMENT(._k_pipe.static.*)))
                0x0000000020000194                _k_pipe_list_end = .

k_sem_area      0x0000000020000194        0x0 load address 0x0000000000006ba8